 ThievesLabyrinth

 Timestamp is 5c93f73a (Thu Mar 21 16:42:34 2019)

 Preferred load address is 0000000140000000

 Start         Length     Name                   Class
 0001:00000000 000005e0H .text$di                CODE
 0001:000005e0 00036110H .text$mn                CODE
 0001:000366f0 00000020H .text$mn$00             CODE
 0001:00036710 00000e10H .text$x                 CODE
 0001:00037520 00000724H .text$yd                CODE
 0002:00000000 00000668H .idata$5                DATA
 0002:00000668 00000010H .00cfg                  DATA
 0002:00000678 00000008H .CRT$XCA                DATA
 0002:00000680 00000008H .CRT$XCAA               DATA
 0002:00000688 00000008H .CRT$XCL                DATA
 0002:00000690 00000098H .CRT$XCU                DATA
 0002:00000728 00000008H .CRT$XCZ                DATA
 0002:00000730 00000008H .CRT$XIA                DATA
 0002:00000738 00000008H .CRT$XIAA               DATA
 0002:00000740 00000008H .CRT$XIAC               DATA
 0002:00000748 00000008H .CRT$XIZ                DATA
 0002:00000750 00000008H .CRT$XPA                DATA
 0002:00000758 00000008H .CRT$XPZ                DATA
 0002:00000760 00000008H .CRT$XTA                DATA
 0002:00000768 00000008H .CRT$XTZ                DATA
 0002:00000770 00000000H .gfids$y                DATA
 0002:00000770 0000ef20H .rdata                  DATA
 0002:0000f690 00002164H .rdata$r                DATA
 0002:000117f4 0000039cH .rdata$zzzdbg           DATA
 0002:00011b90 00000008H .rtc$IAA                DATA
 0002:00011b98 00000008H .rtc$IZZ                DATA
 0002:00011ba0 00000008H .rtc$TAA                DATA
 0002:00011ba8 00000008H .rtc$TZZ                DATA
 0002:00011bb0 000043a0H .xdata                  DATA
 0002:00015f50 0000020cH .xdata$x                DATA
 0002:0001615c 00000000H .edata                  DATA
 0002:0001615c 00000154H .idata$2                DATA
 0002:000162b0 00000018H .idata$3                DATA
 0002:000162c8 00000668H .idata$4                DATA
 0002:00016930 00001644H .idata$6                DATA
 0003:00000000 000001e0H .data                   DATA
 0003:000001e0 00000da0H .data$r                 DATA
 0003:00000f80 002acac8H .bss                    DATA
 0004:00000000 00001f50H .pdata                  DATA
 0005:00000000 00000060H .rsrc$01                DATA
 0005:00000060 00000180H .rsrc$02                DATA

  Address         Publics by Value              Rva+Base               Lib:Object

 0000:00000000       __hybrid_code_map          0000000000000000     <absolute>
 0000:00000000       __hybrid_code_map_count    0000000000000000     <absolute>
 0000:00000000       __guard_fids_count         0000000000000000     <absolute>
 0000:00000000       __volatile_metadata        0000000000000000     <absolute>
 0000:00000000       __guard_longjmp_count      0000000000000000     <absolute>
 0000:00000000       __guard_longjmp_table      0000000000000000     <absolute>
 0000:00000000       __guard_iat_table          0000000000000000     <absolute>
 0000:00000000       __guard_iat_count          0000000000000000     <absolute>
 0000:00000000       ___safe_se_handler_count   0000000000000000     <absolute>
 0000:00000000       __enclave_config           0000000000000000     <absolute>
 0000:00000000       ___safe_se_handler_table   0000000000000000     <absolute>
 0000:00000000       __guard_fids_table         0000000000000000     <absolute>
 0000:00000000       __hybrid_auxiliary_iat     0000000000000000     <absolute>
 0000:00000000       __dynamic_value_reloc_table 0000000000000000     <absolute>
 0000:00000100       __guard_flags              0000000000000100     <absolute>
 0000:00000000       __ImageBase                0000000140000000     <linker-defined>
 0001:000005e0       ?GetSeparationAccel@CAIManager@@AEAA?AUTVECTOR3@CMath@@PEAVIEnemyController@@@Z 00000001400015e0 f   AIManager.obj
 0001:00000b00       ??_GCAIManager@@UEAAPEAXI@Z 0000000140001b00 f i AIManager.obj
 0001:00000b00       ??_ECAIManager@@UEAAPEAXI@Z 0000000140001b00 f i * CIL library *:* CIL module *
 0001:00000ba0       ?UpdateFlockingBehavior@CAIManager@@QEAAXM@Z 0000000140001ba0 f   AIManager.obj
 0001:00000fa0       ??1?$vector@PEAVCButton@@V?$allocator@PEAVCButton@@@std@@@std@@QEAA@XZ 0000000140001fa0 f i Menu.obj
 0001:00000fa0       ??1?$vector@PEAVCSlider@@V?$allocator@PEAVCSlider@@@std@@@std@@QEAA@XZ 0000000140001fa0 f i Menu.obj
 0001:00000fa0       ??1?$vector@PEAVCMeshRenderer@@V?$allocator@PEAVCMeshRenderer@@@std@@@std@@QEAA@XZ 0000000140001fa0 f i ComponentManager.obj
 0001:00000fa0       ??1?$vector@PEAVCLightComponent@@V?$allocator@PEAVCLightComponent@@@std@@@std@@QEAA@XZ 0000000140001fa0 f i ComponentManager.obj
 0001:00000fa0       ?_Tidy@?$vector@PEAVCLightComponent@@V?$allocator@PEAVCLightComponent@@@std@@@std@@AEAAXXZ 0000000140001fa0 f i ComponentManager.obj
 0001:00000fa0       ?_Tidy@?$vector@PEAVIEnemyController@@V?$allocator@PEAVIEnemyController@@@std@@@std@@AEAAXXZ 0000000140001fa0 f i AIManager.obj
 0001:00000fa0       ??1?$vector@PEB_WV?$allocator@PEB_W@std@@@std@@QEAA@XZ 0000000140001fa0 f i Menu.obj
 0001:00000fa0       ??1?$vector@_KV?$allocator@_K@std@@@std@@QEAA@XZ 0000000140001fa0 f i Menu.obj
 0001:00000fa0       ??1?$vector@PEAVCCameraController@@V?$allocator@PEAVCCameraController@@@std@@@std@@QEAA@XZ 0000000140001fa0 f i ComponentManager.obj
 0001:00000fa0       ??1?$vector@PEAVICollider@@V?$allocator@PEAVICollider@@@std@@@std@@QEAA@XZ 0000000140001fa0 f i ComponentManager.obj
 0001:00000fa0       ??1?$vector@PEAVCMenu@@V?$allocator@PEAVCMenu@@@std@@@std@@QEAA@XZ 0000000140001fa0 f i GUIManager.obj
 0001:00001000       ??$GetComponent@VCTransform@@@IEntity@@QEAAPEAVCTransform@@XZ 0000000140002000 f i AIManager.obj
 0001:00001080       ??$GetComponent@VCRigidbody@@@IEntity@@QEAAPEAVCRigidbody@@XZ 0000000140002080 f i AIManager.obj
 0001:00001100       ??$GetComponent@VCStats@@@IEntity@@QEAAPEAVCStats@@XZ 0000000140002100 f i AIManager.obj
 0001:00001180       ??0exception@std@@QEAA@AEBV01@@Z 0000000140002180 f i AnimationManager.obj
 0001:000011c0       ?what@exception@std@@UEBAPEBDXZ 00000001400021c0 f i AnimationManager.obj
 0001:000011e0       ??_Gbad_cast@std@@UEAAPEAXI@Z 00000001400021e0 f i AnimationManager.obj
 0001:000011e0       ??_Ebad_cast@std@@UEAAPEAXI@Z 00000001400021e0 f i * CIL library *:* CIL module *
 0001:000011e0       ??_Gexception@std@@UEAAPEAXI@Z 00000001400021e0 f i AnimationManager.obj
 0001:000011e0       ??_Gruntime_error@std@@UEAAPEAXI@Z 00000001400021e0 f i EventManager.obj
 0001:000011e0       ??_Eexception@std@@UEAAPEAXI@Z 00000001400021e0 f i * CIL library *:* CIL module *
 0001:000011e0       ??_Eruntime_error@std@@UEAAPEAXI@Z 00000001400021e0 f i * CIL library *:* CIL module *
 0001:00001230       ??0bad_cast@std@@QEAA@XZ   0000000140002230 f i AnimationManager.obj
 0001:00001260       ??1bad_cast@std@@UEAA@XZ   0000000140002260 f i AnimationManager.obj
 0001:00001260       ??1system_error@std@@UEAA@XZ 0000000140002260 f i EventManager.obj
 0001:00001280       ??1locale@std@@QEAA@XZ     0000000140002280 f i AnimationManager.obj
 0001:000012c0       ?LoadAnimator@CAnimator@@QEAAXPEBD@Z 00000001400022c0 f   AnimationManager.obj
 0001:000014a0       ??_D?$basic_fstream@DU?$char_traits@D@std@@@std@@QEAAXXZ 00000001400024a0 f i AnimationManager.obj
 0001:00001510       ??0CAnimatorManager@@QEAA@PEAUID3D11Device@@@Z 0000000140002510 f   AnimationManager.obj
 0001:00001690       ??1?$basic_string@DU?$char_traits@D@std@@V?$allocator@D@2@@std@@QEAA@XZ 0000000140002690 f i AnimationManager.obj
 0001:00001690       ??1TDebugMessage@@QEAA@XZ  0000000140002690 f i AudioManager.obj
 0001:000016f0       ??0?$basic_fstream@DU?$char_traits@D@std@@@std@@QEAA@XZ 00000001400026f0 f i AnimationManager.obj
 0001:000017d0       ?imbue@?$basic_filebuf@DU?$char_traits@D@std@@@std@@MEAAXAEBVlocale@2@@Z 00000001400027d0 f i AnimationManager.obj
 0001:00001820       ?sync@?$basic_filebuf@DU?$char_traits@D@std@@@std@@MEAAHXZ 0000000140002820 f i AnimationManager.obj
 0001:00001870       ?setbuf@?$basic_filebuf@DU?$char_traits@D@std@@@std@@MEAAPEAV?$basic_streambuf@DU?$char_traits@D@std@@@2@PEAD_J@Z 0000000140002870 f i AnimationManager.obj
 0001:00001960       ?seekpos@?$basic_filebuf@DU?$char_traits@D@std@@@std@@MEAA?AV?$fpos@U_Mbstatet@@@2@V32@H@Z 0000000140002960 f i AnimationManager.obj
 0001:00001a40       ?seekoff@?$basic_filebuf@DU?$char_traits@D@std@@@std@@MEAA?AV?$fpos@U_Mbstatet@@@2@_JHH@Z 0000000140002a40 f i AnimationManager.obj
 0001:00001b20       ?xsputn@?$basic_filebuf@DU?$char_traits@D@std@@@std@@MEAA_JPEBD_J@Z 0000000140002b20 f i AnimationManager.obj
 0001:00001c00       ?xsgetn@?$basic_filebuf@DU?$char_traits@D@std@@@std@@MEAA_JPEAD_J@Z 0000000140002c00 f i AnimationManager.obj
 0001:00001cf0       ?uflow@?$basic_filebuf@DU?$char_traits@D@std@@@std@@MEAAHXZ 0000000140002cf0 f i AnimationManager.obj
 0001:00001fd0       ?underflow@?$basic_filebuf@DU?$char_traits@D@std@@@std@@MEAAHXZ 0000000140002fd0 f i AnimationManager.obj
 0001:00002040       ?pbackfail@?$basic_filebuf@DU?$char_traits@D@std@@@std@@MEAAHH@Z 0000000140003040 f i AnimationManager.obj
 0001:00002130       ?overflow@?$basic_filebuf@DU?$char_traits@D@std@@@std@@MEAAHH@Z 0000000140003130 f i AnimationManager.obj
 0001:000022d0       ?_Unlock@?$basic_filebuf@DU?$char_traits@D@std@@@std@@UEAAXXZ 00000001400032d0 f i AnimationManager.obj
 0001:000022f0       ?_Lock@?$basic_filebuf@DU?$char_traits@D@std@@@std@@UEAAXXZ 00000001400032f0 f i AnimationManager.obj
 0001:00002310       ??1?$basic_filebuf@DU?$char_traits@D@std@@@std@@UEAA@XZ 0000000140003310 f i AnimationManager.obj
 0001:00002390       ??_G?$basic_fstream@DU?$char_traits@D@std@@@std@@UEAAPEAXI@Z 0000000140003390 f i AnimationManager.obj
 0001:00002390       ??_E?$basic_fstream@DU?$char_traits@D@std@@@std@@UEAAPEAXI@Z 0000000140003390 f i * CIL library *:* CIL module *
 0001:000023d0       ??_G?$basic_filebuf@DU?$char_traits@D@std@@@std@@UEAAPEAXI@Z 00000001400033d0 f i AnimationManager.obj
 0001:000023d0       ??_E?$basic_filebuf@DU?$char_traits@D@std@@@std@@UEAAPEAXI@Z 00000001400033d0 f i * CIL library *:* CIL module *
 0001:00002410       ?_Reset_back@?$basic_filebuf@DU?$char_traits@D@std@@@std@@AEAAXXZ 0000000140003410 f i AnimationManager.obj
 0001:00002440       ?_Endwrite@?$basic_filebuf@DU?$char_traits@D@std@@@std@@IEAA_NXZ 0000000140003440 f i AnimationManager.obj
 0001:00002510       ?close@?$basic_filebuf@DU?$char_traits@D@std@@@std@@QEAAPEAV12@XZ 0000000140003510 f i AnimationManager.obj
 0001:00002590       ?open@?$basic_filebuf@DU?$char_traits@D@std@@@std@@QEAAPEAV12@PEBDHH@Z 0000000140003590 f i AnimationManager.obj
 0001:000026e0       ??$use_facet@V?$codecvt@DDU_Mbstatet@@@std@@@std@@YAAEBV?$codecvt@DDU_Mbstatet@@@0@AEBVlocale@0@@Z 00000001400036e0 f i AnimationManager.obj
 0001:000027d0       ??$_Reallocate_grow_by@V<lambda_319d5e083f45f90dcdce5dce53cbb275>@@D@?$basic_string@DU?$char_traits@D@std@@V?$allocator@D@2@@std@@QEAAAEAV01@_KV<lambda_319d5e083f45f90dcdce5dce53cbb275>@@D@Z 00000001400037d0 f i AnimationManager.obj
 0001:00002930       ??0bad_cast@std@@QEAA@AEBV01@@Z 0000000140003930 f i AnimationManager.obj
 0001:00002970       ??1?$unique_ptr@V_Facet_base@std@@U?$default_delete@V_Facet_base@std@@@2@@std@@QEAA@XZ 0000000140003970 f i AnimationManager.obj
 0001:000029a0       ?_Xlen@?$basic_string@_WU?$char_traits@_W@std@@V?$allocator@_W@2@@std@@SAXXZ 00000001400039a0 f i HUD.obj
 0001:000029a0       ?_Xlen@?$basic_string@DU?$char_traits@D@std@@V?$allocator@D@2@@std@@SAXXZ 00000001400039a0 f i AnimationManager.obj
 0001:000029b4       ??_E?$basic_fstream@DU?$char_traits@D@std@@@std@@$4PPPPPPPM@A@EAAPEAXI@Z 00000001400039b4 f i AnimationManager.obj
 0001:000029c0       ??_ECStats@@UEAAPEAXI@Z    00000001400039c0 f i * CIL library *:* CIL module *
 0001:000029c0       ??_GCAnimatorComponent@@UEAAPEAXI@Z 00000001400039c0 f i AnimatorComponent.obj
 0001:000029c0       ??_ECAnimatorComponent@@UEAAPEAXI@Z 00000001400039c0 f i * CIL library *:* CIL module *
 0001:000029c0       ??_GCStats@@UEAAPEAXI@Z    00000001400039c0 f i Stats.obj
 0001:00003dc0       ?CreateDDSTextureFromFileEx@DirectX@@YAJPEAUID3D11Device@@PEAUID3D11DeviceContext@@PEB_W_KW4D3D11_USAGE@@III_NPEAPEAUID3D11Resource@@PEAPEAUID3D11ShaderResourceView@@PEAW4DDS_ALPHA_MODE@1@@Z 0000000140004dc0 f   DDSTextureLoader.obj
 0001:00003ec0       ??1?$unique_ptr@$$BY0A@UD3D11_SUBRESOURCE_DATA@@U?$default_delete@$$BY0A@UD3D11_SUBRESOURCE_DATA@@@std@@@std@@QEAA@XZ 0000000140004ec0 f i DDSTextureLoader.obj
 0001:00003ec0       ??1?$unique_ptr@$$BY0A@EU?$default_delete@$$BY0A@E@std@@@std@@QEAA@XZ 0000000140004ec0 f i DDSTextureLoader.obj
 0001:00003ed0       ?to_wstring@std@@YA?AV?$basic_string@_WU?$char_traits@_W@std@@V?$allocator@_W@2@@1@H@Z 0000000140004ed0 f i HUD.obj
 0001:00003fc0       ?UseHealth@CHUD@@CAXXZ     0000000140004fc0 f   HUD.obj
 0001:00003fe0       ?UseMana@CHUD@@CAXXZ       0000000140004fe0 f   HUD.obj
 0001:00004000       ?UseDamage@CHUD@@CAXXZ     0000000140005000 f   HUD.obj
 0001:00004020       ?UseHaste@CHUD@@CAXXZ      0000000140005020 f   HUD.obj
 0001:00004040       ?UseResist@CHUD@@CAXXZ     0000000140005040 f   HUD.obj
 0001:00004060       ?OnVoiceProcessingPassEnd@StreamingVoiceContext@@UEAAXXZ 0000000140005060 f   GAudio.obj
 0001:00004060       ?OnCollisionEnter@IEntity@@UEAAXPEAV1@@Z 0000000140005060 f   Entity.obj
 0001:00004060       ?Nothing@CHUD@@CAXXZ       0000000140005060 f   HUD.obj
 0001:00004060       ?OnVoiceError@StreamingVoiceContext@@UEAAXPEAXJ@Z 0000000140005060 f   GAudio.obj
 0001:00004060       ?OnLoopEnd@StreamingVoiceContext@@UEAAXPEAX@Z 0000000140005060 f   GAudio.obj
 0001:00004060       ?OnTriggerStay@IEntity@@UEAAXPEAV1@@Z 0000000140005060 f   Entity.obj
 0001:00004060       _initialize_invalid_parameter_handler 0000000140005060 f   MSVCRT:invalid_parameter_handler.obj
 0001:00004060       _guard_check_icall_nop     0000000140005060 f   MSVCRT:guard_support.obj
 0001:00004060       _initialize_denormal_control 0000000140005060 f   MSVCRT:denormal_control.obj
 0001:00004060       ?OnCollisionExit@IEntity@@UEAAXPEAV1@@Z 0000000140005060 f   Entity.obj
 0001:00004060       ?OnCollisionStay@IEntity@@UEAAXPEAV1@@Z 0000000140005060 f   Entity.obj
 0001:00004060       ?OnVoiceProcessingPassStart@StreamingVoiceContext@@UEAAXI@Z 0000000140005060 f   GAudio.obj
 0001:00004060       ?OnTriggerExit@IEntity@@UEAAXPEAV1@@Z 0000000140005060 f   Entity.obj
 0001:00004060       ?OnTriggerEnter@IEntity@@UEAAXPEAV1@@Z 0000000140005060 f   Entity.obj
 0001:00004070       ??0CHUD@@QEAA@PEAUID3D11Device@@PEAUID2D1DeviceContext3@@MM@Z 0000000140005070 f   HUD.obj
 0001:000042f0       ?SetPlayerValues@CHUD@@QEAAXMMMM@Z 00000001400052f0 f   HUD.obj
 0001:00004400       ?WriteHealthAndMana@CHUD@@QEAAXPEAUID2D1RenderTarget@@PEAUIDWriteTextFormat@@PEAUID2D1SolidColorBrush@@MM@Z 0000000140005400 f   HUD.obj
 0001:00004820       ?ResizeMiniMap@CHUD@@AEAAXMM@Z 0000000140005820 f   HUD.obj
 0001:00004b40       ?DrawBaseHUD@CHUD@@QEAAXPEAUID2D1DeviceContext3@@PEAUID2D1RenderTarget@@PEAUID2D1SolidColorBrush@@MM@Z 0000000140005b40 f   HUD.obj
 0001:00004f70       ?SetMenu@CHUD@@QEAAXPEAUID3D11Device@@PEAUID2D1DeviceContext3@@MMMM@Z 0000000140005f70 f   HUD.obj
 0001:00005340       ?DrawInventory@CHUD@@QEAAXPEAUID2D1DeviceContext3@@PEAUID2D1RenderTarget@@PEAUIDWriteTextFormat@@2PEAUID2D1SolidColorBrush@@33MM@Z 0000000140006340 f   HUD.obj
 0001:00005c50       ??1?$vector@V?$vector@UD2D_RECT_F@@V?$allocator@UD2D_RECT_F@@@std@@@std@@V?$allocator@V?$vector@UD2D_RECT_F@@V?$allocator@UD2D_RECT_F@@@std@@@std@@@2@@std@@QEAA@XZ 0000000140006c50 f i HUD.obj
 0001:00005ce0       ??1?$vector@V?$vector@USpot@@V?$allocator@USpot@@@std@@@std@@V?$allocator@V?$vector@USpot@@V?$allocator@USpot@@@std@@@std@@@2@@std@@QEAA@XZ 0000000140006ce0 f i HUD.obj
 0001:00005cf0       ??1?$vector@UD2D_RECT_F@@V?$allocator@UD2D_RECT_F@@@std@@@std@@QEAA@XZ 0000000140006cf0 f i HUD.obj
 0001:00005d50       ?_Tidy_deallocate@?$basic_string@_WU?$char_traits@_W@std@@V?$allocator@_W@2@@std@@QEAAXXZ 0000000140006d50 f i HUD.obj
 0001:00005d50       ??1?$basic_string@_WU?$char_traits@_W@std@@V?$allocator@_W@2@@std@@QEAA@XZ 0000000140006d50 f i HUD.obj
 0001:00005dc0       ?_Tidy@?$vector@V?$vector@USpot@@V?$allocator@USpot@@@std@@@std@@V?$allocator@V?$vector@USpot@@V?$allocator@USpot@@@std@@@std@@@2@@std@@AEAAXXZ 0000000140006dc0 f i HUD.obj
 0001:00005e50       ?assign@?$basic_string@_WU?$char_traits@_W@std@@V?$allocator@_W@2@@std@@QEAAAEAV12@QEB_W_K@Z 0000000140006e50 f i HUD.obj
 0001:00005fe0       ??$GetComponent@VCInventory@@@IEntity@@QEAAPEAVCInventory@@XZ 0000000140006fe0 f i HUD.obj
 0001:00006060       ??$_Resize@V<lambda_ff210eb32fcd5e8832f68318728030cd>@@@?$vector@V?$vector@UD2D_RECT_F@@V?$allocator@UD2D_RECT_F@@@std@@@std@@V?$allocator@V?$vector@UD2D_RECT_F@@V?$allocator@UD2D_RECT_F@@@std@@@std@@@2@@std@@AEAAX_KV<lambda_ff210eb32fcd5e8832f68318728030cd>@@@Z 0000000140007060 f i HUD.obj
 0001:000062f0       ??$_Resize@V<lambda_5bc863880ebb80079a65f921a1ef610a>@@@?$vector@UD2D_RECT_F@@V?$allocator@UD2D_RECT_F@@@std@@@std@@AEAAX_KV<lambda_5bc863880ebb80079a65f921a1ef610a>@@@Z 00000001400072f0 f i HUD.obj
 0001:00006470       ??$_Emplace_reallocate@UD2D_RECT_F@@@?$vector@UD2D_RECT_F@@V?$allocator@UD2D_RECT_F@@@std@@@std@@QEAAPEAUD2D_RECT_F@@QEAU2@$$QEAU2@@Z 0000000140007470 f i HUD.obj
 0001:000065d0       ??$_Destroy_range@V?$allocator@V?$vector@UD2D_RECT_F@@V?$allocator@UD2D_RECT_F@@@std@@@std@@@std@@@std@@YAXPEAV?$vector@UD2D_RECT_F@@V?$allocator@UD2D_RECT_F@@@std@@@0@0AEAV?$allocator@V?$vector@UD2D_RECT_F@@V?$allocator@UD2D_RECT_F@@@std@@@std@@@0@@Z 00000001400075d0 f i HUD.obj
 0001:00006660       ??$_Destroy_range@V?$allocator@V?$vector@USpot@@V?$allocator@USpot@@@std@@@std@@@std@@@std@@YAXPEAV?$vector@USpot@@V?$allocator@USpot@@@std@@@0@0AEAV?$allocator@V?$vector@USpot@@V?$allocator@USpot@@@std@@@std@@@0@@Z 0000000140007660 f i HUD.obj
 0001:00006720       ??$_Reallocate_grow_by@V<lambda_1dfe18491bcca09701d8ccb01d0b0af4>@@PEB_W_K@?$basic_string@_WU?$char_traits@_W@std@@V?$allocator@_W@2@@std@@QEAAAEAV01@_KV<lambda_1dfe18491bcca09701d8ccb01d0b0af4>@@PEB_W_K@Z 0000000140007720 f i HUD.obj
 0001:000068d0       ?_Xlength@?$vector@V?$vector@USpot@@V?$allocator@USpot@@@std@@@std@@V?$allocator@V?$vector@USpot@@V?$allocator@USpot@@@std@@@std@@@2@@std@@CAXXZ 00000001400078d0 f i HUD.obj
 0001:000068d0       ?_Xlength@?$vector@PEAVCEnvironmentEntity@@V?$allocator@PEAVCEnvironmentEntity@@@std@@@std@@CAXXZ 00000001400078d0 f i EntityManager.obj
 0001:000068d0       ?_Xlength@?$vector@PEAVCSlider@@V?$allocator@PEAVCSlider@@@std@@@std@@CAXXZ 00000001400078d0 f i Menu.obj
 0001:000068d0       ?_Xlength@?$vector@PEAVCLightComponent@@V?$allocator@PEAVCLightComponent@@@std@@@std@@CAXXZ 00000001400078d0 f i ComponentManager.obj
 0001:000068d0       ?_Xlength@?$vector@PEAVIComponent@@V?$allocator@PEAVIComponent@@@std@@@std@@CAXXZ 00000001400078d0 f i EntityManager.obj
 0001:000068d0       ?_Xlength@?$vector@PEAVCButton@@V?$allocator@PEAVCButton@@@std@@@std@@CAXXZ 00000001400078d0 f i Menu.obj
 0001:000068d0       ?_Xlength@?$vector@PEAVCRoomEntity@@V?$allocator@PEAVCRoomEntity@@@std@@@std@@CAXXZ 00000001400078d0 f i EntityManager.obj
 0001:000068d0       ?_Xlength@?$vector@Vthread@std@@V?$allocator@Vthread@std@@@2@@std@@CAXXZ 00000001400078d0 f i EventManager.obj
 0001:000068d0       ?_Xlength@?$vector@PEAVCMeshRenderer@@V?$allocator@PEAVCMeshRenderer@@@std@@@std@@CAXXZ 00000001400078d0 f i ComponentManager.obj
 0001:000068d0       ?_Xlength@?$vector@PEAVCEnemyEntity@@V?$allocator@PEAVCEnemyEntity@@@std@@@std@@CAXXZ 00000001400078d0 f i EntityManager.obj
 0001:000068d0       ?_Xlength@?$vector@PEAVWindowAppSound@@V?$allocator@PEAVWindowAppSound@@@std@@@std@@CAXXZ 00000001400078d0 f i GAudio.obj
 0001:000068d0       ?_Xlength@?$vector@PEAVWindowAppMusic@@V?$allocator@PEAVWindowAppMusic@@@std@@@std@@CAXXZ 00000001400078d0 f i GAudio.obj
 0001:000068d0       ?_Xlength@?$vector@PEAVCRigidbody@@V?$allocator@PEAVCRigidbody@@@std@@@std@@CAXXZ 00000001400078d0 f i ComponentManager.obj
 0001:000068d0       ?_Xlength@?$vector@PEAVCAnimatorComponent@@V?$allocator@PEAVCAnimatorComponent@@@std@@@std@@CAXXZ 00000001400078d0 f i ComponentManager.obj
 0001:000068d0       ?_Xlength@?$vector@PEAVCCameraController@@V?$allocator@PEAVCCameraController@@@std@@@std@@CAXXZ 00000001400078d0 f i ComponentManager.obj
 0001:000068d0       ?_Xlength@?$vector@PEAVCTransform@@V?$allocator@PEAVCTransform@@@std@@@std@@CAXXZ 00000001400078d0 f i ComponentManager.obj
 0001:000068d0       ?_Xlength@?$vector@PEAVICollider@@V?$allocator@PEAVICollider@@@std@@@std@@CAXXZ 00000001400078d0 f i ComponentManager.obj
 0001:000068d0       ?_Xlength@?$vector@PEAUSpot@@V?$allocator@PEAUSpot@@@std@@@std@@CAXXZ 00000001400078d0 f i HUD.obj
 0001:000068d0       ?_Xlength@?$vector@PEAVIEntity@@V?$allocator@PEAVIEntity@@@std@@@std@@CAXXZ 00000001400078d0 f i EntityManager.obj
 0001:000068d0       ?_Xlength@?$vector@PEAVCProjectileComponent@@V?$allocator@PEAVCProjectileComponent@@@std@@@std@@CAXXZ 00000001400078d0 f i ComponentManager.obj
 0001:000068d0       ?_Xlength@?$vector@UTCoordinate@CPhysicsManager@@V?$allocator@UTCoordinate@CPhysicsManager@@@std@@@std@@CAXXZ 00000001400078d0 f i PhysicsManager.obj
 0001:000068d0       ?_Xlength@?$vector@PEAVIEnemyController@@V?$allocator@PEAVIEnemyController@@@std@@@std@@CAXXZ 00000001400078d0 f i ComponentManager.obj
 0001:000068d0       ?_Xlength@?$vector@PEAVCInventory@@V?$allocator@PEAVCInventory@@@std@@@std@@CAXXZ 00000001400078d0 f i ComponentManager.obj
 0001:000068d0       ?_Xlength@?$vector@PEAVCDoorEntity@@V?$allocator@PEAVCDoorEntity@@@std@@@std@@CAXXZ 00000001400078d0 f i EntityManager.obj
 0001:000068d0       ?_Xlength@?$vector@USpot@@V?$allocator@USpot@@@std@@@std@@CAXXZ 00000001400078d0 f i HUD.obj
 0001:000068d0       ?_Xlength@?$vector@PEAVCMenu@@V?$allocator@PEAVCMenu@@@std@@@std@@CAXXZ 00000001400078d0 f i GUIManager.obj
 0001:000068d0       ?_Xlength@?$vector@PEB_WV?$allocator@PEB_W@std@@@std@@CAXXZ 00000001400078d0 f i Menu.obj
 0001:000068d0       ?_Xlength@?$vector@_KV?$allocator@_K@std@@@std@@CAXXZ 00000001400078d0 f i Menu.obj
 0001:000068d0       ?_Xlength@?$vector@V?$vector@UD2D_RECT_F@@V?$allocator@UD2D_RECT_F@@@std@@@std@@V?$allocator@V?$vector@UD2D_RECT_F@@V?$allocator@UD2D_RECT_F@@@std@@@std@@@2@@std@@CAXXZ 00000001400078d0 f i HUD.obj
 0001:000068d0       ?_Xlength@?$vector@PEAVCStats@@V?$allocator@PEAVCStats@@@std@@@std@@CAXXZ 00000001400078d0 f i ComponentManager.obj
 0001:000068d0       ?_Xlength@?$vector@UD2D_RECT_F@@V?$allocator@UD2D_RECT_F@@@std@@@std@@CAXXZ 00000001400078d0 f i HUD.obj
 0001:000068d0       ?_Xlength@?$vector@PEAVCProjectileEntity@@V?$allocator@PEAVCProjectileEntity@@@std@@@std@@CAXXZ 00000001400078d0 f i EntityManager.obj
 0001:000068f0       ?_Change_array@?$vector@UD2D_RECT_F@@V?$allocator@UD2D_RECT_F@@@std@@@std@@AEAAXQEAUD2D_RECT_F@@_K1@Z 00000001400078f0 f i HUD.obj
 0001:00006980       ??$_Assign_range@PEAV?$vector@USpot@@V?$allocator@USpot@@@std@@@std@@@?$vector@V?$vector@USpot@@V?$allocator@USpot@@@std@@@std@@V?$allocator@V?$vector@USpot@@V?$allocator@USpot@@@std@@@std@@@2@@std@@AEAAXPEAV?$vector@USpot@@V?$allocator@USpot@@@std@@@1@0Uforward_iterator_tag@1@@Z 0000000140007980 f i HUD.obj
 0001:00006b20       ?_Buy@?$vector@V?$vector@USpot@@V?$allocator@USpot@@@std@@@std@@V?$allocator@V?$vector@USpot@@V?$allocator@USpot@@@std@@@std@@@2@@std@@AEAA_N_K@Z 0000000140007b20 f i HUD.obj
 0001:00006be0       ??$_Ucopy@PEAV?$vector@USpot@@V?$allocator@USpot@@@std@@@std@@@?$vector@V?$vector@USpot@@V?$allocator@USpot@@@std@@@std@@V?$allocator@V?$vector@USpot@@V?$allocator@USpot@@@std@@@std@@@2@@std@@AEAAPEAV?$vector@USpot@@V?$allocator@USpot@@@std@@@1@PEAV21@00@Z 0000000140007be0 f i HUD.obj
 0001:00006c60       ??$_Copy_unchecked@PEAV?$vector@USpot@@V?$allocator@USpot@@@std@@@std@@PEAV12@@std@@YAPEAV?$vector@USpot@@V?$allocator@USpot@@@std@@@0@PEAV10@00@Z 0000000140007c60 f i HUD.obj
 0001:00006cc0       ?_Tidy@?$vector@USpot@@V?$allocator@USpot@@@std@@@std@@AEAAXXZ 0000000140007cc0 f i HUD.obj
 0001:00006d50       ??$_Destroy_range@V?$allocator@USpot@@@std@@@std@@YAXPEAUSpot@@0AEAV?$allocator@USpot@@@0@@Z 0000000140007d50 f i HUD.obj
 0001:00006de0       ??1?$_Uninitialized_backout_al@PEAV?$vector@USpot@@V?$allocator@USpot@@@std@@@std@@V?$allocator@V?$vector@USpot@@V?$allocator@USpot@@@std@@@std@@@2@@std@@QEAA@XZ 0000000140007de0 f i HUD.obj
 0001:00006df0       ??$_Assign_range@PEAUSpot@@@?$vector@USpot@@V?$allocator@USpot@@@std@@@std@@AEAAXPEAUSpot@@0Uforward_iterator_tag@1@@Z 0000000140007df0 f i HUD.obj
 0001:00007080       ?_Buy@?$vector@USpot@@V?$allocator@USpot@@@std@@@std@@AEAA_N_K@Z 0000000140008080 f i HUD.obj
 0001:00007140       ??0?$vector@USpot@@V?$allocator@USpot@@@std@@@std@@QEAA@AEBV01@@Z 0000000140008140 f i HUD.obj
 0001:00007220       ??4?$vector@PEAUSpot@@V?$allocator@PEAUSpot@@@std@@@std@@QEAAAEAV01@AEBV01@@Z 0000000140008220 f i HUD.obj
 0001:00007380       ??1?$_Uninitialized_backout_al@PEAUSpot@@V?$allocator@USpot@@@std@@@std@@QEAA@XZ 0000000140008380 f i HUD.obj
 0001:00007390       ?_Buy@?$vector@PEAUSpot@@V?$allocator@PEAUSpot@@@std@@@std@@AEAA_N_K@Z 0000000140008390 f i HUD.obj
 0001:00007440       ??0?$vector@PEAUSpot@@V?$allocator@PEAUSpot@@@std@@@std@@QEAA@AEBV01@@Z 0000000140008440 f i HUD.obj
 0001:000074b0       ??_GCInventory@@UEAAPEAXI@Z 00000001400084b0 f i Inventory.obj
 0001:000074b0       ??_ECInventory@@UEAAPEAXI@Z 00000001400084b0 f i * CIL library *:* CIL module *
 0001:00007510       ?SetCurrentConsumable@CInventory@@QEAAXH@Z 0000000140008510 f   Inventory.obj
 0001:00007590       ??_ECLightComponent@@UEAAPEAXI@Z 0000000140008590 f i * CIL library *:* CIL module *
 0001:00007590       ??_GCLightComponent@@UEAAPEAXI@Z 0000000140008590 f i LightComponent.obj
 0001:000075c0       ??_ECProjectileComponent@@UEAAPEAXI@Z 00000001400085c0 f i * CIL library *:* CIL module *
 0001:000075c0       ??_GICollider@@UEAAPEAXI@Z 00000001400085c0 f i Collider.obj
 0001:000075c0       ??_EICollider@@UEAAPEAXI@Z 00000001400085c0 f i * CIL library *:* CIL module *
 0001:000075c0       ??_ECRigidbody@@UEAAPEAXI@Z 00000001400085c0 f i * CIL library *:* CIL module *
 0001:000075c0       ??_GCRigidbody@@UEAAPEAXI@Z 00000001400085c0 f i Rigidbody.obj
 0001:000075c0       ??_GCProjectileComponent@@UEAAPEAXI@Z 00000001400085c0 f i ProjectileComponent.obj
 0001:000075f0       ??_ECBoxCollider@@UEAAPEAXI@Z 00000001400085f0 f i * CIL library *:* CIL module *
 0001:000075f0       ??_GCTransform@@UEAAPEAXI@Z 00000001400085f0 f i Transform.obj
 0001:000075f0       ??_ECCapsuleCollider@@UEAAPEAXI@Z 00000001400085f0 f i * CIL library *:* CIL module *
 0001:000075f0       ??_ECTransform@@UEAAPEAXI@Z 00000001400085f0 f i * CIL library *:* CIL module *
 0001:000075f0       ??_GCCapsuleCollider@@UEAAPEAXI@Z 00000001400085f0 f i CapusleCollider.obj
 0001:000075f0       ??_GCBoxCollider@@UEAAPEAXI@Z 00000001400085f0 f i BoxCollider.obj
 0001:00007620       ?SetCenter@CBoxCollider@@QEAAXUTVECTOR3@CMath@@@Z 0000000140008620 f   BoxCollider.obj
 0001:00007650       ?SetExtent@CBoxCollider@@QEAAXUTVECTOR3@CMath@@@Z 0000000140008650 f   BoxCollider.obj
 0001:00007680       ?RenderCollider@CBoxCollider@@UEAAXXZ 0000000140008680 f   BoxCollider.obj
 0001:00008a70       ??4TDebugLineMessage@@QEAAAEAU0@$$QEAU0@@Z 0000000140009a70 f i BoxCollider.obj
 0001:00008ad0       ?RenderCollider@CCapsuleCollider@@UEAAXXZ 0000000140009ad0 f   CapusleCollider.obj
 0001:0000a7d0       ??0CMageController@@QEAA@PEAVIEntity@@@Z 000000014000b7d0 f   MageController.obj
 0001:0000aa00       ??_ECMageController@@UEAAPEAXI@Z 000000014000ba00 f i * CIL library *:* CIL module *
 0001:0000aa00       ??_GCMageController@@UEAAPEAXI@Z 000000014000ba00 f i MageController.obj
 0001:0000aa30       ??1IEnemyController@@UEAA@XZ 000000014000ba30 f i MageController.obj
 0001:0000aa30       ??1IComponent@@UEAA@XZ     000000014000ba30 f i Component.obj
 0001:0000aa40       ?Update@CMageController@@UEAAXXZ 000000014000ba40 f   MageController.obj
 0001:0000adc0       ?Attack@CMageController@@QEAAXXZ 000000014000bdc0 f   MageController.obj
 0001:0000b0f0       ??$GetComponent@VCAnimatorComponent@@@IEntity@@QEAAPEAVCAnimatorComponent@@XZ 000000014000c0f0 f i MageController.obj
 0001:0000b170       ??$GetComponent@VCProjectileComponent@@@IEntity@@QEAAPEAVCProjectileComponent@@XZ 000000014000c170 f i MageController.obj
 0001:0000b1f0       __local_stdio_printf_options 000000014000c1f0 f i AudioManager.obj
 0001:0000b200       sprintf_s                  000000014000c200 f i AudioManager.obj
 0001:0000b260       _scprintf                  000000014000c260 f i AudioManager.obj
 0001:0000b2c0       ??0CAudioManager@@QEAA@XZ  000000014000c2c0 f   AudioManager.obj
 0001:0000bcb0       ??_ECAudioManager@@UEAAPEAXI@Z 000000014000ccb0 f i * CIL library *:* CIL module *
 0001:0000bcb0       ??_GCAudioManager@@UEAAPEAXI@Z 000000014000ccb0 f i AudioManager.obj
 0001:0000bcf0       ??_D?$basic_ifstream@DU?$char_traits@D@std@@@std@@QEAAXXZ 000000014000ccf0 f i AudioManager.obj
 0001:0000bd60       ??1CAudioManager@@UEAA@XZ  000000014000cd60 f   AudioManager.obj
 0001:0000c380       ??_D?$basic_ofstream@DU?$char_traits@D@std@@@std@@QEAAXXZ 000000014000d380 f i AudioManager.obj
 0001:0000c3f0       ?AddMusic@CAudioManager@@QEAAXPEBDH_N@Z 000000014000d3f0 f   AudioManager.obj
 0001:0000c770       ?AddSFX@CAudioManager@@QEAAXPEBDH@Z 000000014000d770 f   AudioManager.obj
 0001:0000ca50       ?ChangeMasterVol@CAudioManager@@SAXM@Z 000000014000da50 f   AudioManager.obj
 0001:0000ccf0       ??0?$basic_string@DU?$char_traits@D@std@@V?$allocator@D@2@@std@@QEAA@_KD@Z 000000014000dcf0 f i AudioManager.obj
 0001:0000ce60       ??0?$basic_string@DU?$char_traits@D@std@@V?$allocator@D@2@@std@@QEAA@AEBV01@@Z 000000014000de60 f i AudioManager.obj
 0001:0000cf40       ??_G?$basic_ofstream@DU?$char_traits@D@std@@@std@@UEAAPEAXI@Z 000000014000df40 f i AudioManager.obj
 0001:0000cf40       ??_E?$basic_ofstream@DU?$char_traits@D@std@@@std@@UEAAPEAXI@Z 000000014000df40 f i * CIL library *:* CIL module *
 0001:0000cf80       ??_E?$basic_ifstream@DU?$char_traits@D@std@@@std@@UEAAPEAXI@Z 000000014000df80 f i * CIL library *:* CIL module *
 0001:0000cf80       ??_G?$basic_ifstream@DU?$char_traits@D@std@@@std@@UEAAPEAXI@Z 000000014000df80 f i AudioManager.obj
 0001:0000cfc0       ?assign@?$basic_string@DU?$char_traits@D@std@@V?$allocator@D@2@@std@@QEAAAEAV12@QEBD_K@Z 000000014000dfc0 f i AudioManager.obj
 0001:0000d110       ?append@?$basic_string@DU?$char_traits@D@std@@V?$allocator@D@2@@std@@QEAAAEAV12@QEBD_K@Z 000000014000e110 f i AudioManager.obj
 0001:0000d190       ??$?6U?$char_traits@D@std@@@std@@YAAEAV?$basic_ostream@DU?$char_traits@D@std@@@0@AEAV10@D@Z 000000014000e190 f i AudioManager.obj
 0001:0000d350       ??$_Reallocate_grow_by@V<lambda_65e615be2a453ca0576c979606f46740>@@PEBD_K@?$basic_string@DU?$char_traits@D@std@@V?$allocator@D@2@@std@@QEAAAEAV01@_KV<lambda_65e615be2a453ca0576c979606f46740>@@PEBD_K@Z 000000014000e350 f i AudioManager.obj
 0001:0000d4d0       ??1sentry@?$basic_ostream@DU?$char_traits@D@std@@@std@@QEAA@XZ 000000014000e4d0 f i AudioManager.obj
 0001:0000d520       ??1_Sentry_base@?$basic_ostream@DU?$char_traits@D@std@@@std@@QEAA@XZ 000000014000e520 f i AudioManager.obj
 0001:0000d550       ?insert@?$basic_string@DU?$char_traits@D@std@@V?$allocator@D@2@@std@@QEAAAEAV12@_KQEBD0@Z 000000014000e550 f i AudioManager.obj
 0001:0000d640       ??$_Insert_string@DU?$char_traits@D@std@@_K@std@@YAAEAV?$basic_ostream@DU?$char_traits@D@std@@@0@AEAV10@QEBD_K@Z 000000014000e640 f i AudioManager.obj
 0001:0000d820       ??$_Reallocate_grow_by@V<lambda_f3a66ab6a0570788f31503db83886f49>@@_KPEBD_K@?$basic_string@DU?$char_traits@D@std@@V?$allocator@D@2@@std@@QEAAAEAV01@_KV<lambda_f3a66ab6a0570788f31503db83886f49>@@_KPEBD2@Z 000000014000e820 f i AudioManager.obj
 0001:0000d980       ??_E?$basic_ifstream@DU?$char_traits@D@std@@@std@@$4PPPPPPPM@A@EAAPEAXI@Z 000000014000e980 f i AudioManager.obj
 0001:0000d98c       ??_E?$basic_ofstream@DU?$char_traits@D@std@@@std@@$4PPPPPPPM@A@EAAPEAXI@Z 000000014000e98c f i AudioManager.obj
 0001:0000d9a0       ?XMMatrixMultiply@DirectX@@YQ?AUXMMATRIX@1@U21@AEBU21@@Z 000000014000e9a0 f i CameraController.obj
 0001:0000daf0       ?XMMatrixDeterminant@DirectX@@YQ?AT__m128@@UXMMATRIX@1@@Z 000000014000eaf0 f i CameraController.obj
 0001:0000dbd0       ?XMMatrixDecompose@DirectX@@YQ_NPEAT__m128@@00UXMMATRIX@1@@Z 000000014000ebd0 f i CameraController.obj
 0001:0000e010       ?XMQuaternionRotationMatrix@DirectX@@YQ?AT__m128@@UXMMATRIX@1@@Z 000000014000f010 f i CameraController.obj
 0001:0000e190       ?XMScalarSinCos@DirectX@@YAXPEAM0M@Z 000000014000f190 f i CameraController.obj
 0001:0000e2d0       ??0CCameraController@@QEAA@PEAVIEntity@@@Z 000000014000f2d0 f   CameraController.obj
 0001:0000e510       ??_ECCameraController@@UEAAPEAXI@Z 000000014000f510 f i * CIL library *:* CIL module *
 0001:0000e510       ??_GCCameraController@@UEAAPEAXI@Z 000000014000f510 f i CameraController.obj
 0001:0000e540       ?Update@CCameraController@@QEAAXXZ 000000014000f540 f   CameraController.obj
 0001:0000e7f0       ?errorFunc@CDebugManager@@SAJPEAU_EXCEPTION_POINTERS@@@Z 000000014000f7f0 f   DebugManager.obj
 0001:0000e920       ??$?6U?$char_traits@D@std@@@std@@YAAEAV?$basic_ostream@DU?$char_traits@D@std@@@0@AEAV10@PEBD@Z 000000014000f920 f i DebugManager.obj
 0001:0000eaf0       ??$endl@DU?$char_traits@D@std@@@std@@YAAEAV?$basic_ostream@DU?$char_traits@D@std@@@0@AEAV10@@Z 000000014000faf0 f i DebugManager.obj
 0001:0000eb30       ?CreateComponent@CComponentManager@@QEAAPEAVIComponent@@PEAVIEntity@@H@Z 000000014000fb30 f   ComponentManager.obj
 0001:0000f110       ?DeleteComponent@CComponentManager@@QEAAHHPEAVIComponent@@@Z 0000000140010110 f   ComponentManager.obj
 0001:0000f6d0       ?UpdateControllers@CComponentManager@@QEAAXXZ 00000001400106d0 f   ComponentManager.obj
 0001:0000f8c0       ??1CComponentManager@@QEAA@XZ 00000001400108c0 f   ComponentManager.obj
 0001:0000ffd0       ??0?$vector@PEAVIEnemyController@@V?$allocator@PEAVIEnemyController@@@std@@@std@@QEAA@AEBV01@@Z 0000000140010fd0 f i ComponentManager.obj
 0001:0000ffd0       ??0?$vector@PEAVCMeshRenderer@@V?$allocator@PEAVCMeshRenderer@@@std@@@std@@QEAA@AEBV01@@Z 0000000140010fd0 f i ComponentManager.obj
 0001:0000ffd0       ??0?$vector@PEAVCLightComponent@@V?$allocator@PEAVCLightComponent@@@std@@@std@@QEAA@AEBV01@@Z 0000000140010fd0 f i Entity.obj
 0001:0000ffd0       ??0?$vector@PEAVCCameraController@@V?$allocator@PEAVCCameraController@@@std@@@std@@QEAA@AEBV01@@Z 0000000140010fd0 f i ComponentManager.obj
 0001:000100d0       ??0?$vector@PEAVCMeshRenderer@@V?$allocator@PEAVCMeshRenderer@@@std@@@std@@QEAA@XZ 00000001400110d0 f i ComponentManager.obj
 0001:000100d0       ??0?$vector@PEAVICollider@@V?$allocator@PEAVICollider@@@std@@@std@@QEAA@XZ 00000001400110d0 f i ComponentManager.obj
 0001:000100f0       ??$_Emplace_reallocate@PEAVIEnemyController@@@?$vector@PEAVIEnemyController@@V?$allocator@PEAVIEnemyController@@@std@@@std@@QEAAPEAPEAVIEnemyController@@QEAPEAV2@$$QEAPEAV2@@Z 00000001400110f0 f i ComponentManager.obj
 0001:000100f0       ??$_Emplace_reallocate@_K@?$vector@_KV?$allocator@_K@std@@@std@@QEAAPEA_KQEA_K$$QEA_K@Z 00000001400110f0 f i Menu.obj
 0001:000100f0       ??$_Emplace_reallocate@AEBQEAVCMeshRenderer@@@?$vector@PEAVCMeshRenderer@@V?$allocator@PEAVCMeshRenderer@@@std@@@std@@QEAAPEAPEAVCMeshRenderer@@QEAPEAV2@AEBQEAV2@@Z 00000001400110f0 f i ComponentManager.obj
 0001:000100f0       ??$_Emplace_reallocate@AEBQEAVCButton@@@?$vector@PEAVCButton@@V?$allocator@PEAVCButton@@@std@@@std@@QEAAPEAPEAVCButton@@QEAPEAV2@AEBQEAV2@@Z 00000001400110f0 f i Menu.obj
 0001:000100f0       ??$_Emplace_reallocate@AEBQEAVCTransform@@@?$vector@PEAVCTransform@@V?$allocator@PEAVCTransform@@@std@@@std@@QEAAPEAPEAVCTransform@@QEAPEAV2@AEBQEAV2@@Z 00000001400110f0 f i ComponentManager.obj
 0001:000100f0       ??$_Emplace_reallocate@AEBQEB_W@?$vector@PEB_WV?$allocator@PEB_W@std@@@std@@QEAAPEAPEB_WQEAPEB_WAEBQEB_W@Z 00000001400110f0 f i Menu.obj
 0001:000100f0       ??$_Emplace_reallocate@AEBQEAVIComponent@@@?$vector@PEAVIComponent@@V?$allocator@PEAVIComponent@@@std@@@std@@QEAAPEAPEAVIComponent@@QEAPEAV2@AEBQEAV2@@Z 00000001400110f0 f i EntityManager.obj
 0001:000100f0       ??$_Emplace_reallocate@PEAVCDoorEntity@@@?$vector@PEAVCDoorEntity@@V?$allocator@PEAVCDoorEntity@@@std@@@std@@QEAAPEAPEAVCDoorEntity@@QEAPEAV2@$$QEAPEAV2@@Z 00000001400110f0 f i EntityManager.obj
 0001:000100f0       ??$_Emplace_reallocate@PEAVCEnemyEntity@@@?$vector@PEAVCEnemyEntity@@V?$allocator@PEAVCEnemyEntity@@@std@@@std@@QEAAPEAPEAVCEnemyEntity@@QEAPEAV2@$$QEAPEAV2@@Z 00000001400110f0 f i EntityManager.obj
 0001:000100f0       ??$_Emplace_reallocate@AEBQEAVCInventory@@@?$vector@PEAVCInventory@@V?$allocator@PEAVCInventory@@@std@@@std@@QEAAPEAPEAVCInventory@@QEAPEAV2@AEBQEAV2@@Z 00000001400110f0 f i ComponentManager.obj
 0001:000100f0       ??$_Emplace_reallocate@AEBQEAVCLightComponent@@@?$vector@PEAVCLightComponent@@V?$allocator@PEAVCLightComponent@@@std@@@std@@QEAAPEAPEAVCLightComponent@@QEAPEAV2@AEBQEAV2@@Z 00000001400110f0 f i ComponentManager.obj
 0001:000100f0       ??$_Emplace_reallocate@AEBQEAVCSlider@@@?$vector@PEAVCSlider@@V?$allocator@PEAVCSlider@@@std@@@std@@QEAAPEAPEAVCSlider@@QEAPEAV2@AEBQEAV2@@Z 00000001400110f0 f i Menu.obj
 0001:000100f0       ??$_Emplace_reallocate@AEBQEAVCProjectileComponent@@@?$vector@PEAVCProjectileComponent@@V?$allocator@PEAVCProjectileComponent@@@std@@@std@@QEAAPEAPEAVCProjectileComponent@@QEAPEAV2@AEBQEAV2@@Z 00000001400110f0 f i ComponentManager.obj
 0001:000100f0       ??$_Emplace_reallocate@PEAVCEnvironmentEntity@@@?$vector@PEAVCEnvironmentEntity@@V?$allocator@PEAVCEnvironmentEntity@@@std@@@std@@QEAAPEAPEAVCEnvironmentEntity@@QEAPEAV2@$$QEAPEAV2@@Z 00000001400110f0 f i EntityManager.obj
 0001:000100f0       ??$_Emplace_reallocate@AEBQEAVWindowAppMusic@@@?$vector@PEAVWindowAppMusic@@V?$allocator@PEAVWindowAppMusic@@@std@@@std@@QEAAPEAPEAVWindowAppMusic@@QEAPEAV2@AEBQEAV2@@Z 00000001400110f0 f i GAudio.obj
 0001:000100f0       ??$_Emplace_reallocate@AEBQEAVCCameraController@@@?$vector@PEAVCCameraController@@V?$allocator@PEAVCCameraController@@@std@@@std@@QEAAPEAPEAVCCameraController@@QEAPEAV2@AEBQEAV2@@Z 00000001400110f0 f i ComponentManager.obj
 0001:000100f0       ??$_Emplace_reallocate@AEBQEAVCRigidbody@@@?$vector@PEAVCRigidbody@@V?$allocator@PEAVCRigidbody@@@std@@@std@@QEAAPEAPEAVCRigidbody@@QEAPEAV2@AEBQEAV2@@Z 00000001400110f0 f i ComponentManager.obj
 0001:000100f0       ??$_Emplace_reallocate@AEBQEAVCAnimatorComponent@@@?$vector@PEAVCAnimatorComponent@@V?$allocator@PEAVCAnimatorComponent@@@std@@@std@@QEAAPEAPEAVCAnimatorComponent@@QEAPEAV2@AEBQEAV2@@Z 00000001400110f0 f i ComponentManager.obj
 0001:000100f0       ??$_Emplace_reallocate@AEBQEAVCMenu@@@?$vector@PEAVCMenu@@V?$allocator@PEAVCMenu@@@std@@@std@@QEAAPEAPEAVCMenu@@QEAPEAV2@AEBQEAV2@@Z 00000001400110f0 f i GUIManager.obj
 0001:000100f0       ??$_Emplace_reallocate@AEBQEAVCStats@@@?$vector@PEAVCStats@@V?$allocator@PEAVCStats@@@std@@@std@@QEAAPEAPEAVCStats@@QEAPEAV2@AEBQEAV2@@Z 00000001400110f0 f i ComponentManager.obj
 0001:000100f0       ??$_Emplace_reallocate@AEBQEAVWindowAppSound@@@?$vector@PEAVWindowAppSound@@V?$allocator@PEAVWindowAppSound@@@std@@@std@@QEAAPEAPEAVWindowAppSound@@QEAPEAV2@AEBQEAV2@@Z 00000001400110f0 f i GAudio.obj
 0001:00010290       ??$_Emplace_reallocate@AEBQEAVICollider@@@?$vector@PEAVICollider@@V?$allocator@PEAVICollider@@@std@@@std@@QEAAPEAPEAVICollider@@QEAPEAV2@AEBQEAV2@@Z 0000000140011290 f i PhysicsManager.obj
 0001:00010290       ??$_Emplace_reallocate@AEBQEAVCRoomEntity@@@?$vector@PEAVCRoomEntity@@V?$allocator@PEAVCRoomEntity@@@std@@@std@@QEAAPEAPEAVCRoomEntity@@QEAPEAV2@AEBQEAV2@@Z 0000000140011290 f i Level.obj
 0001:00010290       ??$_Emplace_reallocate@PEAVICollider@@@?$vector@PEAVICollider@@V?$allocator@PEAVICollider@@@std@@@std@@QEAAPEAPEAVICollider@@QEAPEAV2@$$QEAPEAV2@@Z 0000000140011290 f i ComponentManager.obj
 0001:000103f0       ?_Change_array@?$vector@PEAVCRoomEntity@@V?$allocator@PEAVCRoomEntity@@@std@@@std@@AEAAXQEAPEAVCRoomEntity@@_K1@Z 00000001400113f0 f i EntityManager.obj
 0001:000103f0       ?_Change_array@?$vector@PEAVICollider@@V?$allocator@PEAVICollider@@@std@@@std@@AEAAXQEAPEAVICollider@@_K1@Z 00000001400113f0 f i ComponentManager.obj
 0001:00010480       ?SetActiveState@IEntity@@QEAAX_N@Z 0000000140011480 f   Entity.obj
 0001:000104d0       ??1IEntity@@UEAA@XZ        00000001400114d0 f   Entity.obj
 0001:00010540       ??_GCPlayerEntity@@UEAAPEAXI@Z 0000000140011540 f i Entity.obj
 0001:00010540       ??_ECPlayerEntity@@UEAAPEAXI@Z 0000000140011540 f i * CIL library *:* CIL module *
 0001:00010580       ?OnTriggerEnter@CPlayerEntity@@UEAAXPEAVIEntity@@@Z 0000000140011580 f   Entity.obj
 0001:000106b0       ?OnTriggerExit@CPlayerEntity@@UEAAXPEAVIEntity@@@Z 00000001400116b0 f   Entity.obj
 0001:00010b70       ??_GCEnemyEntity@@UEAAPEAXI@Z 0000000140011b70 f i Entity.obj
 0001:00010b70       ??_ECEnemyEntity@@UEAAPEAXI@Z 0000000140011b70 f i * CIL library *:* CIL module *
 0001:00010bb0       ?OnTriggerEnter@CEnemyEntity@@UEAAXPEAVIEntity@@@Z 0000000140011bb0 f   Entity.obj
 0001:00010d30       ?OnTriggerStay@CEnemyEntity@@UEAAXPEAVIEntity@@@Z 0000000140011d30 f   Entity.obj
 0001:00010dd0       ??_GCProjectileEntity@@UEAAPEAXI@Z 0000000140011dd0 f i Entity.obj
 0001:00010dd0       ??_ECProjectileEntity@@UEAAPEAXI@Z 0000000140011dd0 f i * CIL library *:* CIL module *
 0001:00010e10       ?OnTriggerEnter@CProjectileEntity@@UEAAXPEAVIEntity@@@Z 0000000140011e10 f   Entity.obj
 0001:00010e70       ??_GCCameraEntity@@UEAAPEAXI@Z 0000000140011e70 f i Entity.obj
 0001:00010e70       ??_ECCameraEntity@@UEAAPEAXI@Z 0000000140011e70 f i * CIL library *:* CIL module *
 0001:00010eb0       ??_GCRoomEntity@@UEAAPEAXI@Z 0000000140011eb0 f i Entity.obj
 0001:00010eb0       ??_ECRoomEntity@@UEAAPEAXI@Z 0000000140011eb0 f i * CIL library *:* CIL module *
 0001:00010ef0       ?SpawnEntities@CRoomEntity@@QEAAXXZ 0000000140011ef0 f   Entity.obj
 0001:00011640       ?DeSpawnEntities@CRoomEntity@@QEAAXXZ 0000000140012640 f   Entity.obj
 0001:00011ba0       ?SpawnDoors@CRoomEntity@@QEAAXXZ 0000000140012ba0 f   Entity.obj
 0001:00011dc0       ?DeSpawnDoors@CRoomEntity@@QEAAXXZ 0000000140012dc0 f   Entity.obj
 0001:00012040       ?AddLight@CRoomEntity@@QEAAXPEAVCLightComponent@@@Z 0000000140013040 f   Entity.obj
 0001:00012090       ?RemoveLight@CRoomEntity@@QEAAXPEAVCLightComponent@@@Z 0000000140013090 f   Entity.obj
 0001:00012100       ??1CRoomEntity@@UEAA@XZ    0000000140013100 f   Entity.obj
 0001:00012320       ??_GCEnvironmentEntity@@UEAAPEAXI@Z 0000000140013320 f i Entity.obj
 0001:00012320       ??_ECEnvironmentEntity@@UEAAPEAXI@Z 0000000140013320 f i * CIL library *:* CIL module *
 0001:00012360       ??_GCDoorEntity@@UEAAPEAXI@Z 0000000140013360 f i Entity.obj
 0001:00012360       ??_ECDoorEntity@@UEAAPEAXI@Z 0000000140013360 f i * CIL library *:* CIL module *
 0001:000123a0       ??A?$vector@PEAVCDoorEntity@@V?$allocator@PEAVCDoorEntity@@@std@@@std@@QEAAAEAPEAVCDoorEntity@@_K@Z 00000001400133a0 f i Entity.obj
 0001:000123a0       ??A?$vector@PEAVCEnemyEntity@@V?$allocator@PEAVCEnemyEntity@@@std@@@std@@QEAAAEAPEAVCEnemyEntity@@_K@Z 00000001400133a0 f i Entity.obj
 0001:000123a0       ??A?$vector@PEAVCEnvironmentEntity@@V?$allocator@PEAVCEnvironmentEntity@@@std@@@std@@QEAAAEAPEAVCEnvironmentEntity@@_K@Z 00000001400133a0 f i Entity.obj
 0001:000123b0       ?size@?$vector@PEAVCEnemyEntity@@V?$allocator@PEAVCEnemyEntity@@@std@@@std@@QEBA_KXZ 00000001400133b0 f i EntityManager.obj
 0001:000123b0       ?size@?$vector@PEAVCEnvironmentEntity@@V?$allocator@PEAVCEnvironmentEntity@@@std@@@std@@QEBA_KXZ 00000001400133b0 f i Entity.obj
 0001:000123c0       ??$GetComponent@VCLightComponent@@@IEntity@@QEAAPEAVCLightComponent@@XZ 00000001400133c0 f i Entity.obj
 0001:00012440       ??$GetComponent@VCBoxCollider@@@IEntity@@QEAAPEAVCBoxCollider@@XZ 0000000140013440 f i Entity.obj
 0001:000124c0       ?CreateEntity@CEntityManager@@SAPEAVIEntity@@HH@Z 00000001400134c0 f   EntityManager.obj
 0001:000128d0       ?AddComponentToEntity@CEntityManager@@SAPEAVIComponent@@PEAVIEntity@@H@Z 00000001400138d0 f   EntityManager.obj
 0001:00012920       ?DeleteEntity@CEntityManager@@CAHPEAVIEntity@@@Z 0000000140013920 f   EntityManager.obj
 0001:00012c00       ?GetEntity@CEntityManager@@SAPEAVIEntity@@H@Z 0000000140013c00 f   EntityManager.obj
 0001:00012d60       ?DeleteAllEntities@CEntityManager@@SAXXZ 0000000140013d60 f   EntityManager.obj
 0001:00012eb0       ?CloneEntity@CEntityManager@@SAPEAVIEntity@@PEAV2@@Z 0000000140013eb0 f   EntityManager.obj
 0001:00013530       ??$emplace_back@PEAVCEnvironmentEntity@@@?$vector@PEAVCEnvironmentEntity@@V?$allocator@PEAVCEnvironmentEntity@@@std@@@std@@QEAAX$$QEAPEAVCEnvironmentEntity@@@Z 0000000140014530 f i EntityManager.obj
 0001:00013530       ??$emplace_back@AEBQEAVIComponent@@@?$vector@PEAVIComponent@@V?$allocator@PEAVIComponent@@@std@@@std@@QEAAXAEBQEAVIComponent@@@Z 0000000140014530 f i EntityManager.obj
 0001:00013530       ?push_back@?$vector@PEAVCEnvironmentEntity@@V?$allocator@PEAVCEnvironmentEntity@@@std@@@std@@QEAAX$$QEAPEAVCEnvironmentEntity@@@Z 0000000140014530 f i EntityManager.obj
 0001:00013530       ?push_back@?$vector@PEAVCDoorEntity@@V?$allocator@PEAVCDoorEntity@@@std@@@std@@QEAAX$$QEAPEAVCDoorEntity@@@Z 0000000140014530 f i EntityManager.obj
 0001:00013530       ?push_back@?$vector@PEAVCEnemyEntity@@V?$allocator@PEAVCEnemyEntity@@@std@@@std@@QEAAX$$QEAPEAVCEnemyEntity@@@Z 0000000140014530 f i EntityManager.obj
 0001:00013550       ??$_Emplace_reallocate@AEBQEAVIEntity@@@?$vector@PEAVIEntity@@V?$allocator@PEAVIEntity@@@std@@@std@@QEAAPEAPEAVIEntity@@QEAPEAV2@AEBQEAV2@@Z 0000000140014550 f i EntityManager.obj
 0001:00013700       ??$_Emplace_reallocate@PEAVCRoomEntity@@@?$vector@PEAVCRoomEntity@@V?$allocator@PEAVCRoomEntity@@@std@@@std@@QEAAPEAPEAVCRoomEntity@@QEAPEAV2@$$QEAPEAV2@@Z 0000000140014700 f i EntityManager.obj
 0001:00013870       ??$_Emplace_reallocate@PEAVCProjectileEntity@@@?$vector@PEAVCProjectileEntity@@V?$allocator@PEAVCProjectileEntity@@@std@@@std@@QEAAPEAPEAVCProjectileEntity@@QEAPEAV2@$$QEAPEAV2@@Z 0000000140014870 f i EntityManager.obj
 0001:00013a20       ??1_Auto_cnd@std@@QEAA@XZ  0000000140014a20 f i EventManager.obj
 0001:00013a40       ??1_Auto_mtx@std@@QEAA@XZ  0000000140014a40 f i EventManager.obj
 0001:00013a60       ?_Call_func@_Pad@std@@CAIPEAX@Z 0000000140014a60 f i EventManager.obj
 0001:00013a70       ??1thread@std@@QEAA@XZ     0000000140014a70 f i EventManager.obj
 0001:00013a90       ?join@thread@std@@QEAAXXZ  0000000140014a90 f i EventManager.obj
 0001:00013b10       ?default_error_condition@error_category@std@@UEBA?AVerror_condition@2@H@Z 0000000140014b10 f i EventManager.obj
 0001:00013b20       ?equivalent@error_category@std@@UEBA_NHAEBVerror_condition@2@@Z 0000000140014b20 f i EventManager.obj
 0001:00013b60       ?equivalent@error_category@std@@UEBA_NAEBVerror_code@2@H@Z 0000000140014b60 f i EventManager.obj
 0001:00013b80       ?make_error_code@std@@YA?AVerror_code@1@W4errc@1@@Z 0000000140014b80 f i EventManager.obj
 0001:00013bd0       ??0_System_error@std@@IEAA@Verror_code@1@AEBV?$basic_string@DU?$char_traits@D@std@@V?$allocator@D@2@@1@@Z 0000000140014bd0 f i EventManager.obj
 0001:00013df0       ??_Gsystem_error@std@@UEAAPEAXI@Z 0000000140014df0 f i EventManager.obj
 0001:00013df0       ??_E_System_error@std@@UEAAPEAXI@Z 0000000140014df0 f i * CIL library *:* CIL module *
 0001:00013df0       ??_Esystem_error@std@@UEAAPEAXI@Z 0000000140014df0 f i * CIL library *:* CIL module *
 0001:00013df0       ??_G_System_error@std@@UEAAPEAXI@Z 0000000140014df0 f i EventManager.obj
 0001:00013e40       ??0system_error@std@@QEAA@Verror_code@1@@Z 0000000140014e40 f i EventManager.obj
 0001:00013f20       ?name@_Generic_error_category@std@@UEBAPEBDXZ 0000000140014f20 f i EventManager.obj
 0001:00013f30       ?message@_Generic_error_category@std@@UEBA?AV?$basic_string@DU?$char_traits@D@std@@V?$allocator@D@2@@2@H@Z 0000000140014f30 f i EventManager.obj
 0001:00013f80       ??_E_Generic_error_category@std@@UEAAPEAXI@Z 0000000140014f80 f i * CIL library *:* CIL module *
 0001:00013f80       ??_G_Generic_error_category@std@@UEAAPEAXI@Z 0000000140014f80 f i EventManager.obj
 0001:00013fb0       ??1condition_variable@std@@QEAA@XZ 0000000140014fb0 f i EventManager.obj
 0001:00013fc0       ??1mutex@std@@QEAA@XZ      0000000140014fc0 f i EventManager.obj
 0001:00013fd0       ??0system_error@std@@QEAA@AEBV01@@Z 0000000140014fd0 f i EventManager.obj
 0001:00014030       ??0_System_error@std@@QEAA@AEBV01@@Z 0000000140015030 f i EventManager.obj
 0001:00014090       ??0runtime_error@std@@QEAA@AEBV01@@Z 0000000140015090 f i EventManager.obj
 0001:000140d0       ??0TDebugMessage@@QEAA@V?$basic_string@DU?$char_traits@D@std@@V?$allocator@D@2@@std@@@Z 00000001400150d0 f   EventManager.obj
 0001:000141a0       ??0TDebugLineMessage@@QEAA@UTVECTOR3@CMath@@UTVECTOR4@2@@Z 00000001400151a0 f   EventManager.obj
 0001:00014200       ??0CEventManager@@QEAA@XZ  0000000140015200 f   EventManager.obj
 0001:00014690       ??_ECEventManager@@UEAAPEAXI@Z 0000000140015690 f i * CIL library *:* CIL module *
 0001:00014690       ??_GCEventManager@@UEAAPEAXI@Z 0000000140015690 f i EventManager.obj
 0001:000146d0       ??1CEventManager@@UEAA@XZ  00000001400156d0 f   EventManager.obj
 0001:00014dd0       ?SendDebugMessage@CEventManager@@SAXUTDebugMessage@@@Z 0000000140015dd0 f   EventManager.obj
 0001:00014ef0       ?ParseDebugMessage@CEventManager@@AEAAXXZ 0000000140015ef0 f   EventManager.obj
 0001:00015260       ?ParseDebugLineMessage@CEventManager@@AEAAXXZ 0000000140016260 f   EventManager.obj
 0001:000154e0       ?ParseAudioMessage@CEventManager@@AEAAXXZ 00000001400164e0 f   EventManager.obj
 0001:00015730       ?ParseCollissionMessage@CEventManager@@AEAAXXZ 0000000140016730 f   EventManager.obj
 0001:00015a70       ?ParseResizeMessage@CEventManager@@AEAAXXZ 0000000140016a70 f   EventManager.obj
 0001:00015e60       ?ParseHUDMessage@CEventManager@@AEAAXXZ 0000000140016e60 f   EventManager.obj
 0001:00016020       ?Notify@CEventManager@@QEAAXXZ 0000000140017020 f   EventManager.obj
 0001:00016130       ??1?$vector@Vthread@std@@V?$allocator@Vthread@std@@@2@@std@@QEAA@XZ 0000000140017130 f i EventManager.obj
 0001:000161c0       ?push@?$queue@UTDebugLineMessage@@V?$deque@UTDebugLineMessage@@V?$allocator@UTDebugLineMessage@@@std@@@std@@@std@@QEAAXAEBUTDebugLineMessage@@@Z 00000001400171c0 f i EventManager.obj
 0001:00016270       ??1?$unique_lock@Vmutex@std@@@std@@QEAA@XZ 0000000140017270 f i EventManager.obj
 0001:000162a0       ?_Growmap@?$deque@UTCollisionMessage@@V?$allocator@UTCollisionMessage@@@std@@@std@@IEAAX_K@Z 00000001400172a0 f i EventManager.obj
 0001:00016480       ?_Growmap@?$deque@UTWindowResizeMessage@@V?$allocator@UTWindowResizeMessage@@@std@@@std@@IEAAX_K@Z 0000000140017480 f i EventManager.obj
 0001:00016660       ?_Growmap@?$deque@UTAudioMessage@@V?$allocator@UTAudioMessage@@@std@@@std@@IEAAX_K@Z 0000000140017660 f i EventManager.obj
 0001:00016840       ?_Growmap@?$deque@UTDebugLineMessage@@V?$allocator@UTDebugLineMessage@@@std@@@std@@IEAAX_K@Z 0000000140017840 f i EventManager.obj
 0001:00016a20       ?_Growmap@?$deque@UTDebugMessage@@V?$allocator@UTDebugMessage@@@std@@@std@@IEAAX_K@Z 0000000140017a20 f i EventManager.obj
 0001:00016c00       ?_Xlen@?$deque@UTDebugMessage@@V?$allocator@UTDebugMessage@@@std@@@std@@IEBAXXZ 0000000140017c00 f i EventManager.obj
 0001:00016c00       ?_Xlen@?$deque@UTWindowResizeMessage@@V?$allocator@UTWindowResizeMessage@@@std@@@std@@IEBAXXZ 0000000140017c00 f i EventManager.obj
 0001:00016c00       ?_Xlen@?$deque@UTAudioMessage@@V?$allocator@UTAudioMessage@@@std@@@std@@IEBAXXZ 0000000140017c00 f i EventManager.obj
 0001:00016c00       ?_Xlen@?$deque@UTDebugLineMessage@@V?$allocator@UTDebugLineMessage@@@std@@@std@@IEBAXXZ 0000000140017c00 f i EventManager.obj
 0001:00016c00       ?_Xlen@?$deque@UTCollisionMessage@@V?$allocator@UTCollisionMessage@@@std@@@std@@IEBAXXZ 0000000140017c00 f i EventManager.obj
 0001:00016c20       ??$?0P8CEventManager@@EAAXXZPEAV0@X@thread@std@@QEAA@$$QEAP8CEventManager@@EAAXXZ$$QEAPEAV2@@Z 0000000140017c20 f i EventManager.obj
 0001:00016db0       ??$_Emplace_reallocate@Vthread@std@@@?$vector@Vthread@std@@V?$allocator@Vthread@std@@@2@@std@@QEAAPEAVthread@1@QEAV21@$$QEAV21@@Z 0000000140017db0 f i EventManager.obj
 0001:00016fd0       ??1?$unique_ptr@V?$tuple@P8WindowAppMusic@@EAA?AW4GReturn@GW@@XZPEAV1@@std@@U?$default_delete@V?$tuple@P8WindowAppMusic@@EAA?AW4GReturn@GW@@XZPEAV1@@std@@@2@@std@@QEAA@XZ 0000000140017fd0 f i GAudio.obj
 0001:00016fd0       ??1?$unique_ptr@V?$tuple@P8CEventManager@@EAAXXZPEAV1@@std@@U?$default_delete@V?$tuple@P8CEventManager@@EAAXXZPEAV1@@std@@@2@@std@@QEAA@XZ 0000000140017fd0 f i EventManager.obj
 0001:00016ff0       ??$_Immortalize_impl@V_Generic_error_category@std@@@std@@YAHPEAX0PEAPEAX@Z 0000000140017ff0 f i EventManager.obj
 0001:00017010       ??1?$_LaunchPad@V?$unique_ptr@V?$tuple@P8CEventManager@@EAAXXZPEAV1@@std@@U?$default_delete@V?$tuple@P8CEventManager@@EAAXXZPEAV1@@std@@@2@@std@@@std@@QEAA@XZ 0000000140018010 f i EventManager.obj
 0001:00017010       ??1?$_LaunchPad@V?$unique_ptr@V?$tuple@P8WindowAppMusic@@EAA?AW4GReturn@GW@@XZPEAV1@@std@@U?$default_delete@V?$tuple@P8WindowAppMusic@@EAA?AW4GReturn@GW@@XZPEAV1@@std@@@2@@std@@@std@@QEAA@XZ 0000000140018010 f i GAudio.obj
 0001:00017080       ?_Go@?$_LaunchPad@V?$unique_ptr@V?$tuple@P8WindowAppMusic@@EAA?AW4GReturn@GW@@XZPEAV1@@std@@U?$default_delete@V?$tuple@P8WindowAppMusic@@EAA?AW4GReturn@GW@@XZPEAV1@@std@@@2@@std@@@std@@UEAAXXZ 0000000140018080 f i GAudio.obj
 0001:00017080       ?_Go@?$_LaunchPad@V?$unique_ptr@V?$tuple@P8CEventManager@@EAAXXZPEAV1@@std@@U?$default_delete@V?$tuple@P8CEventManager@@EAAXXZPEAV1@@std@@@2@@std@@@std@@UEAAXXZ 0000000140018080 f i EventManager.obj
 0001:00017120       ??0CGameLogic@@QEAA@PEAUHWND__@@@Z 0000000140018120 f   GameLogic.obj
 0001:00017960       ??_ECGameLogic@@UEAAPEAXI@Z 0000000140018960 f i * CIL library *:* CIL module *
 0001:00017960       ??_GCGameLogic@@UEAAPEAXI@Z 0000000140018960 f i GameLogic.obj
 0001:00017a90       ?Update@CGameLogic@@QEAAXXZ 0000000140018a90 f   GameLogic.obj
 0001:00018720       ?BuildOptionsMenus@CGameLogic@@QEAAXXZ 0000000140019720 f   GameLogic.obj
 0001:00018bc0       ?StartGame@CGameLogic@@SAXXZ 0000000140019bc0 f   GameLogic.obj
 0001:00018bd0       ?ExitGame@CGameLogic@@SAXXZ 0000000140019bd0 f   GameLogic.obj
 0001:00018be0       ?TogglePause@CGameLogic@@SAXXZ 0000000140019be0 f   GameLogic.obj
 0001:00018c20       ?GoBackToMain@CGameLogic@@SAXXZ 0000000140019c20 f   GameLogic.obj
 0001:00018c60       ??_GCLevel@@QEAAPEAXI@Z    0000000140019c60 f i GameLogic.obj
 0001:00018d00       ?PlayButtonSound@CGameLogic@@SAXXZ 0000000140019d00 f   GameLogic.obj
 0001:00018dc0       ?StartToOptions@CGameLogic@@SAXXZ 0000000140019dc0 f   GameLogic.obj
 0001:00018de0       ?PauseToOptions@CGameLogic@@SAXXZ 0000000140019de0 f   GameLogic.obj
 0001:00018e00       ?ToPause@CGameLogic@@SAXXZ 0000000140019e00 f   GameLogic.obj
 0001:00018e20       ?ToStart@CGameLogic@@SAXXZ 0000000140019e20 f   GameLogic.obj
 0001:00018e40       ??0CGUIManager@@QEAA@PEAUID3D11Device@@PEAUIDXGISwapChain@@PEAUHWND__@@@Z 0000000140019e40 f   GUIManager.obj
 0001:000193c0       ??_ECGUIManager@@UEAAPEAXI@Z 000000014001a3c0 f i * CIL library *:* CIL module *
 0001:000193c0       ??_GCGUIManager@@UEAAPEAXI@Z 000000014001a3c0 f i GUIManager.obj
 0001:00019400       ?Update@CGUIManager@@QEAAXXZ 000000014001a400 f   GUIManager.obj
 0001:00019590       ??1CGUIManager@@UEAA@XZ    000000014001a590 f   GUIManager.obj
 0001:000198f0       ?Render@CGUIManager@@QEAAXXZ 000000014001a8f0 f   GUIManager.obj
 0001:00019f70       ?AddSliderToMenu@CGUIManager@@QEAAXHHHHMMMMMM@Z 000000014001af70 f   GUIManager.obj
 0001:0001a180       ?AddDescriptionToMenu@CGUIManager@@QEAAXHPEB_WHHMMMM@Z 000000014001b180 f   GUIManager.obj
 0001:0001a3d0       ??0?$vector@V?$vector@USpot@@V?$allocator@USpot@@@std@@@std@@V?$allocator@V?$vector@USpot@@V?$allocator@USpot@@@std@@@std@@@2@@std@@QEAA@AEBV01@@Z 000000014001b3d0 f i GUIManager.obj
 0001:0001a450       ?LoadWaveData@@YAJPEBDAEAUWAVEFORMATEXTENSIBLE@@AEAUXAUDIO2_BUFFER@@@Z 000000014001b450 f   GAudio.obj
 0001:0001a7a0       ?FindStreamData@@YAJPEAXAEAKAEAU_OVERLAPPED@@@Z 000000014001b7a0 f   GAudio.obj
 0001:0001aa10       ?LoadOnlyWaveHeaderData@@YAJPEBDAEAUWAVEFORMATEXTENSIBLE@@AEAUXAUDIO2_BUFFER@@@Z 000000014001ba10 f   GAudio.obj
 0001:0001ac00       ?OnBufferEnd@StreamingVoiceContext@@UEAAXPEAX@Z 000000014001bc00 f i GAudio.obj
 0001:0001ac50       ?OnStreamEnd@StreamingVoiceContext@@UEAAXXZ 000000014001bc50 f i GAudio.obj
 0001:0001ac90       ?OnBufferStart@StreamingVoiceContext@@UEAAXPEAX@Z 000000014001bc90 f i GAudio.obj
 0001:0001aca0       ??_GStreamingVoiceContext@@UEAAPEAXI@Z 000000014001bca0 f i GAudio.obj
 0001:0001aca0       ??_EStreamingVoiceContext@@UEAAPEAXI@Z 000000014001bca0 f i * CIL library *:* CIL module *
 0001:0001acf0       ?CreateVoiceContext@@YA?AW4GReturn@GW@@PEAPEAUStreamingVoiceContext@@@Z 000000014001bcf0 f   GAudio.obj
 0001:0001ad80       ??_GWindowAppSound@@UEAAPEAXI@Z 000000014001bd80 f i GAudio.obj
 0001:0001ad80       ??_EWindowAppSound@@UEAAPEAXI@Z 000000014001bd80 f i * CIL library *:* CIL module *
 0001:0001aed0       ?SetChannelVolumes@WindowAppSound@@UEAA?AW4GReturn@GW@@PEAMH@Z 000000014001bed0 f   GAudio.obj
 0001:0001b0c0       ?CheckChannelVolumes@WindowAppSound@@QEAA?AW4GReturn@GW@@PEBMH@Z 000000014001c0c0 f   GAudio.obj
 0001:0001b260       ?GetSoundSourceChannels@WindowAppSound@@UEAA?AW4GReturn@GW@@AEAI@Z 000000014001c260 f   GAudio.obj
 0001:0001b280       ?GetSoundOutputChannels@WindowAppSound@@UEAA?AW4GReturn@GW@@AEAI@Z 000000014001c280 f   GAudio.obj
 0001:0001b2a0       ?SetVolume@WindowAppSound@@UEAA?AW4GReturn@GW@@M@Z 000000014001c2a0 f   GAudio.obj
 0001:0001b300       ?Play@WindowAppSound@@UEAA?AW4GReturn@GW@@XZ 000000014001c300 f   GAudio.obj
 0001:0001b3b0       ?Pause@WindowAppSound@@UEAA?AW4GReturn@GW@@XZ 000000014001c3b0 f   GAudio.obj
 0001:0001b410       ?Resume@WindowAppSound@@UEAA?AW4GReturn@GW@@XZ 000000014001c410 f   GAudio.obj
 0001:0001b470       ?StopSound@WindowAppSound@@UEAA?AW4GReturn@GW@@XZ 000000014001c470 f   GAudio.obj
 0001:0001b500       ?isSoundPlaying@WindowAppSound@@UEAA?AW4GReturn@GW@@AEA_N@Z 000000014001c500 f   GAudio.obj
 0001:0001b520       ?GetCount@WindowAppSound@@UEAA?AW4GReturn@GW@@AEAI@Z 000000014001c520 f   GAudio.obj
 0001:0001b520       ?GetCount@WindowAppAudio@@UEAA?AW4GReturn@GW@@AEAI@Z 000000014001c520 f   GAudio.obj
 0001:0001b520       ?GetCount@WindowAppMusic@@UEAA?AW4GReturn@GW@@AEAI@Z 000000014001c520 f   GAudio.obj
 0001:0001b530       ?IncrementCount@WindowAppMusic@@UEAA?AW4GReturn@GW@@XZ 000000014001c530 f   GAudio.obj
 0001:0001b530       ?IncrementCount@WindowAppSound@@UEAA?AW4GReturn@GW@@XZ 000000014001c530 f   GAudio.obj
 0001:0001b530       ?IncrementCount@WindowAppAudio@@UEAA?AW4GReturn@GW@@XZ 000000014001c530 f   GAudio.obj
 0001:0001b550       ?DecrementCount@WindowAppMusic@@UEAA?AW4GReturn@GW@@XZ 000000014001c550 f   GAudio.obj
 0001:0001b550       ?DecrementCount@WindowAppSound@@UEAA?AW4GReturn@GW@@XZ 000000014001c550 f   GAudio.obj
 0001:0001b570       ?RequestInterface@WindowAppSound@@UEAA?AW4GReturn@GW@@AEBUGUUIID@3@PEAPEAX@Z 000000014001c570 f   GAudio.obj
 0001:0001b610       ??_GWindowAppMusic@@UEAAPEAXI@Z 000000014001c610 f i GAudio.obj
 0001:0001b610       ??_EWindowAppMusic@@UEAAPEAXI@Z 000000014001c610 f i * CIL library *:* CIL module *
 0001:0001b7d0       ?SetChannelVolumes@WindowAppMusic@@UEAA?AW4GReturn@GW@@PEAMH@Z 000000014001c7d0 f   GAudio.obj
 0001:0001b9e0       ?CheckChannelVolumes@WindowAppMusic@@QEAA?AW4GReturn@GW@@PEBMH@Z 000000014001c9e0 f   GAudio.obj
 0001:0001bb80       ?GetStreamSourceChannels@WindowAppMusic@@UEAA?AW4GReturn@GW@@AEAI@Z 000000014001cb80 f   GAudio.obj
 0001:0001bba0       ?GetStreamOutputChannels@WindowAppMusic@@UEAA?AW4GReturn@GW@@AEAI@Z 000000014001cba0 f   GAudio.obj
 0001:0001bbc0       ?SetVolume@WindowAppMusic@@UEAA?AW4GReturn@GW@@M@Z 000000014001cbc0 f   GAudio.obj
 0001:0001bc50       ?Stream@WindowAppMusic@@QEAA?AW4GReturn@GW@@XZ 000000014001cc50 f   GAudio.obj
 0001:0001c010       ?StreamStart@WindowAppMusic@@UEAA?AW4GReturn@GW@@_N@Z 000000014001d010 f   GAudio.obj
 0001:0001c220       ?PauseStream@WindowAppMusic@@UEAA?AW4GReturn@GW@@XZ 000000014001d220 f   GAudio.obj
 0001:0001c290       ?ResumeStream@WindowAppMusic@@UEAA?AW4GReturn@GW@@XZ 000000014001d290 f   GAudio.obj
 0001:0001c300       ?StopStream@WindowAppMusic@@UEAA?AW4GReturn@GW@@XZ 000000014001d300 f   GAudio.obj
 0001:0001c400       ?isStreamPlaying@WindowAppMusic@@UEAA?AW4GReturn@GW@@AEA_N@Z 000000014001d400 f   GAudio.obj
 0001:0001c420       ?RequestInterface@WindowAppMusic@@UEAA?AW4GReturn@GW@@AEBUGUUIID@3@PEAPEAX@Z 000000014001d420 f   GAudio.obj
 0001:0001c4c0       ??_EWindowAppAudio@@UEAAPEAXI@Z 000000014001d4c0 f i * CIL library *:* CIL module *
 0001:0001c4c0       ??_GWindowAppAudio@@UEAAPEAXI@Z 000000014001d4c0 f i GAudio.obj
 0001:0001c500       ?Init@WindowAppAudio@@UEAA?AW4GReturn@GW@@H@Z 000000014001d500 f   GAudio.obj
 0001:0001c640       ?CreateSound@WindowAppAudio@@UEAA?AW4GReturn@GW@@PEBDPEAPEAVGSound@AUDIO@3@@Z 000000014001d640 f   GAudio.obj
 0001:0001c890       ?CreateMusicStream@WindowAppAudio@@UEAA?AW4GReturn@GW@@PEBDPEAPEAVGMusic@AUDIO@3@@Z 000000014001d890 f   GAudio.obj
 0001:0001cbb0       ?SetMasterVolume@WindowAppAudio@@UEAA?AW4GReturn@GW@@M@Z 000000014001dbb0 f   GAudio.obj
 0001:0001cbe0       ?SetMasterChannelVolumes@WindowAppAudio@@UEAA?AW4GReturn@GW@@PEBMH@Z 000000014001dbe0 f   GAudio.obj
 0001:0001cd20       ?PauseAll@WindowAppAudio@@UEAA?AW4GReturn@GW@@XZ 000000014001dd20 f   GAudio.obj
 0001:0001cdf0       ?StopAll@WindowAppAudio@@UEAA?AW4GReturn@GW@@XZ 000000014001ddf0 f   GAudio.obj
 0001:0001cec0       ?ResumeAll@WindowAppAudio@@UEAA?AW4GReturn@GW@@XZ 000000014001dec0 f   GAudio.obj
 0001:0001cf90       ?DecrementCount@WindowAppAudio@@UEAA?AW4GReturn@GW@@XZ 000000014001df90 f   GAudio.obj
 0001:0001cfd0       ?RequestInterface@WindowAppAudio@@UEAA?AW4GReturn@GW@@AEBUGUUIID@3@PEAPEAX@Z 000000014001dfd0 f   GAudio.obj
 0001:0001d070       ??1WindowAppAudio@@UEAA@XZ 000000014001e070 f   GAudio.obj
 0001:0001d230       ?CreateGAudio@AUDIO@GW@@YA?AW4GReturn@2@PEAPEAVGAudio@12@@Z 000000014001e230 f   GAudio.obj
 0001:0001d2b0       ?GetKeyDown@CInputManager@@SA_ND@Z 000000014001e2b0 f   InputManager.obj
 0001:0001d930       ?GetKeyPress@CInputManager@@SA_ND@Z 000000014001e930 f   InputManager.obj
 0001:0001ee80       ?GetMouseWorldSpace@CInputManager@@SAXAEBUTVECTOR2@CMath@@AEAUTVECTOR3@3@1@Z 000000014001fe80 f   InputManager.obj
 0001:0001f230       ?WndProc@CInputManager@@SA_JPEAUHWND__@@I_K_J@Z 0000000140020230 f   InputManager.obj
 0001:00020270       ??Breference@?$bitset@$0DC@@std@@QEBA_NXZ 0000000140021270 f i InputManager.obj
 0001:000202b0       ?set@?$bitset@$0DC@@std@@QEAAAEAV12@_K_N@Z 00000001400212b0 f i InputManager.obj
 0001:00020300       ?_Xran@?$bitset@$0DC@@std@@AEBAXXZ 0000000140021300 f i InputManager.obj
 0001:00020320       ??0CLevel@@QEAA@XZ         0000000140021320 f   Level.obj
 0001:00020f80       ?Update@CLevel@@SAXPEAVCRoomEntity@@@Z 0000000140021f80 f   Level.obj
 0001:000211c0       ?UpdateDoors@CLevel@@SAXPEAVCRoomEntity@@@Z 00000001400221c0 f   Level.obj
 0001:000212a0       ?SetDoorsTrue@CLevel@@SAXPEAVCRoomEntity@@@Z 00000001400222a0 f   Level.obj
 0001:00021380       ?clear@?$vector@PEAVCRoomEntity@@V?$allocator@PEAVCRoomEntity@@@std@@@std@@QEAAXXZ 0000000140022380 f i Level.obj
 0001:00021390       ?push_back@?$vector@PEAVCRoomEntity@@V?$allocator@PEAVCRoomEntity@@@std@@@std@@QEAAXAEBQEAVCRoomEntity@@@Z 0000000140022390 f i Level.obj
 0001:000213b0       ?_Buynode0@?$_List_alloc@U?$_List_base_types@U?$pair@HH@std@@V?$allocator@U?$pair@HH@std@@@2@@std@@@std@@QEAAPEAU?$_List_node@U?$pair@HH@std@@PEAX@2@PEAU32@0@Z 00000001400223b0 f i Level.obj
 0001:000213f0       ??$_Resize@V<lambda_6edab2701de76b9fdcc5701caf893e36>@@@?$vector@V?$vector@USpot@@V?$allocator@USpot@@@std@@@std@@V?$allocator@V?$vector@USpot@@V?$allocator@USpot@@@std@@@std@@@2@@std@@AEAAX_KV<lambda_6edab2701de76b9fdcc5701caf893e36>@@@Z 00000001400223f0 f i Level.obj
 0001:000216a0       ??$_Resize@V<lambda_44ae95b0a775bdbc2c1f533efecd8085>@@@?$vector@USpot@@V?$allocator@USpot@@@std@@@std@@AEAAX_KV<lambda_44ae95b0a775bdbc2c1f533efecd8085>@@@Z 00000001400226a0 f i Level.obj
 0001:00021990       ??$_Buynode@U?$pair@HH@std@@@?$_List_buy@U?$pair@HH@std@@V?$allocator@U?$pair@HH@std@@@2@@std@@QEAAPEAU?$_List_node@U?$pair@HH@std@@PEAX@1@PEAU21@0$$QEAU?$pair@HH@1@@Z 0000000140022990 f i Level.obj
 0001:000219b0       ?CreateLevel@CLevelManager@@QEAAXXZ 00000001400229b0 f   LevelManager.obj
 0001:00024700       ??0TVECTOR3@CMath@@QEAA@MMM@Z 0000000140025700 f   Math.obj
 0001:00024720       ??HTVECTOR3@CMath@@QEAA?AU01@U01@@Z 0000000140025720 f   Math.obj
 0001:00024760       ??GTVECTOR3@CMath@@QEAA?AU01@U01@@Z 0000000140025760 f   Math.obj
 0001:000247a0       ??DTVECTOR3@CMath@@QEAA?AU01@M@Z 00000001400257a0 f   Math.obj
 0001:000247d0       ?Vector3Normalize@CMath@@SA?AUTVECTOR3@1@U21@@Z 00000001400257d0 f   Math.obj
 0001:000248a0       ?Vector3Dot@CMath@@SAMUTVECTOR3@1@0@Z 00000001400258a0 f   Math.obj
 0001:000248d0       ??0TVECTOR4@CMath@@QEAA@MMMM@Z 00000001400258d0 f   Math.obj
 0001:000248f0       ??4TVECTOR4@CMath@@QEAAAEAU01@U01@@Z 00000001400258f0 f   Math.obj
 0001:00024910       ?MatrixInverse@CMath@@SA?AUTMATRIX@1@U21@@Z 0000000140025910 f   Math.obj
 0001:00025280       ?QuaternionFromAxisAngle@CMath@@SA?AUTVECTOR4@1@UTVECTOR3@1@M@Z 0000000140026280 f   Math.obj
 0001:00025300       ?Vector3Transform@CMath@@SA?AUTVECTOR3@1@U21@UTMATRIX@1@@Z 0000000140026300 f   Math.obj
 0001:000253b0       ??0CMenu@@QEAA@PEAUID3D11Device@@PEAUID2D1DeviceContext3@@@Z 00000001400263b0 f   Menu.obj
 0001:000255b0       ??1CMenu@@QEAA@XZ          00000001400265b0 f   Menu.obj
 0001:000258e0       ?AddButton@CMenu@@QEAAXP6AXXZPEB_WHHMMMMMM@Z 00000001400268e0 f   Menu.obj
 0001:00025ab0       ?ResizeItems@CMenu@@QEAAXMMMM@Z 0000000140026ab0 f   Menu.obj
 0001:00025d30       ?SetSprites@CMenu@@QEAAXXZ 0000000140026d30 f   Menu.obj
 0001:00025f60       ??_ECMeshRenderer@@UEAAPEAXI@Z 0000000140026f60 f i * CIL library *:* CIL module *
 0001:00025f60       ??_GCMeshRenderer@@UEAAPEAXI@Z 0000000140026f60 f i MeshRenderer.obj
 0001:00025fb0       ?SetVertexBuffer@CMeshRenderer@@QEAAXH@Z 0000000140026fb0 f   MeshRenderer.obj
 0001:00025fc0       ?SetIndexBuffer@CMeshRenderer@@QEAAXH@Z 0000000140026fc0 f   MeshRenderer.obj
 0001:00025fd0       ?SetTextureCount@CMeshRenderer@@QEAAXH@Z 0000000140026fd0 f   MeshRenderer.obj
 0001:00026020       ?SetTexture@CMeshRenderer@@QEAAXHH@Z 0000000140027020 f   MeshRenderer.obj
 0001:00026030       ?SetVertexShader@CMeshRenderer@@QEAAXH@Z 0000000140027030 f   MeshRenderer.obj
 0001:00026040       ?SetPixelShader@CMeshRenderer@@QEAAXH@Z 0000000140027040 f   MeshRenderer.obj
 0001:00026050       ?SetSampler@CMeshRenderer@@QEAAXH@Z 0000000140027050 f   MeshRenderer.obj
 0001:00026060       ?SetInputLayout@CMeshRenderer@@QEAAXH@Z 0000000140027060 f   MeshRenderer.obj
 0001:00026070       ??_GCFireDemonController@@UEAAPEAXI@Z 0000000140027070 f i FireDemonController.obj
 0001:00026070       ??_ECFireDemonController@@UEAAPEAXI@Z 0000000140027070 f i * CIL library *:* CIL module *
 0001:000260a0       ?Update@CFireDemonController@@QEAAXXZ 00000001400270a0 f   FireDemonController.obj
 0001:00026670       ?Movement@CFireDemonController@@QEAAXXZ 0000000140027670 f   FireDemonController.obj
 0001:00026e70       ?Melee@CFireDemonController@@QEAAXXZ 0000000140027e70 f   FireDemonController.obj
 0001:000270f0       ?Attack@CFireDemonController@@QEAAXXZ 00000001400280f0 f   FireDemonController.obj
 0001:000274b0       ?Init@CFireDemonController@@QEAAXXZ 00000001400284b0 f   FireDemonController.obj
 0001:00027920       ?XMMatrixInverse@DirectX@@YQ?AUXMMATRIX@1@PEAT__m128@@U21@@Z 0000000140028920 f i RenderManager.obj
 0001:00027c20       ?XMMatrixPerspectiveFovLH@DirectX@@YQ?AUXMMATRIX@1@MMMM@Z 0000000140028c20 f i RenderManager.obj
 0001:00027cf0       ??_ECRenderManager@@UEAAPEAXI@Z 0000000140028cf0 f i * CIL library *:* CIL module *
 0001:00027cf0       ??_GCRenderManager@@UEAAPEAXI@Z 0000000140028cf0 f i RenderManager.obj
 0001:00027d30       ?InitializeDirectXComponents@CRenderManager@@AEAAXXZ 0000000140028d30 f   RenderManager.obj
 0001:00028940       ?LoadMeshFromFile@CRenderManager@@AEAAHPEBDH@Z 0000000140029940 f   RenderManager.obj
 0001:00028e00       ?LoadTextureFromFile@CRenderManager@@AEAAXPEBDH@Z 0000000140029e00 f   RenderManager.obj
 0001:00028f50       ?RenderMeshType@CRenderManager@@AEAAXAEAV?$vector@PEAVCMeshRenderer@@V?$allocator@PEAVCMeshRenderer@@@std@@@std@@@Z 0000000140029f50 f   RenderManager.obj
 0001:00029930       ?Draw@CRenderManager@@QEAAXXZ 000000014002a930 f   RenderManager.obj
 0001:00029f50       ??1CRenderManager@@UEAA@XZ 000000014002af50 f   RenderManager.obj
 0001:0002a210       ?AddButtonToMenu@CRenderManager@@QEAAXHP6AXXZPEB_WHHMMMM@Z 000000014002b210 f   RenderManager.obj
 0001:0002a390       ?AddSliderToMenu@CRenderManager@@QEAAXHHHHMMMM@Z 000000014002b390 f   RenderManager.obj
 0001:0002a460       ?SetTitleToMenu@CRenderManager@@QEAAXHPEB_WMMMM@Z 000000014002b460 f   RenderManager.obj
 0001:0002a610       ??$_Reallocate_grow_by@V<lambda_25953b27f3c43b57ba59f021c7f225c5>@@_W@?$basic_string@_WU?$char_traits@_W@std@@V?$allocator@_W@2@@std@@QEAAAEAV01@_KV<lambda_25953b27f3c43b57ba59f021c7f225c5>@@_W@Z 000000014002b610 f i RenderManager.obj
 0001:0002a7a0       ??$_Construct@PEBD@?$basic_string@_WU?$char_traits@_W@std@@V?$allocator@_W@2@@std@@QEAAXPEBDQEBDUinput_iterator_tag@1@@Z 000000014002b7a0 f i RenderManager.obj
 0001:0002a830       ??$_Reallocate_grow_by@V<lambda_19662282d61fd793232134d409f2e084>@@$$V@?$basic_string@_WU?$char_traits@_W@std@@V?$allocator@_W@2@@std@@QEAAAEAV01@_KV<lambda_19662282d61fd793232134d409f2e084>@@@Z 000000014002b830 f i RenderManager.obj
 0001:0002a990       ??0CPhysicsManager@@QEAA@PEAVCComponentManager@@@Z 000000014002b990 f   PhysicsManager.obj
 0001:0002acb0       ??_GCPhysicsManager@@UEAAPEAXI@Z 000000014002bcb0 f i PhysicsManager.obj
 0001:0002acb0       ??_ECPhysicsManager@@UEAAPEAXI@Z 000000014002bcb0 f i * CIL library *:* CIL module *
 0001:0002acf0       ??1?$map@PEAVICollider@@V?$vector@UTCoordinate@CPhysicsManager@@V?$allocator@UTCoordinate@CPhysicsManager@@@std@@@std@@U?$less@PEAVICollider@@@3@V?$allocator@U?$pair@QEAVICollider@@V?$vector@UTCoordinate@CPhysicsManager@@V?$allocator@UTCoordinate@CPhysicsManager@@@std@@@std@@@std@@@3@@std@@QEAA@XZ 000000014002bcf0 f i PhysicsManager.obj
 0001:0002acf0       ??1?$map@PEAVICollider@@V?$vector@PEAVICollider@@V?$allocator@PEAVICollider@@@std@@@std@@U?$less@PEAVICollider@@@3@V?$allocator@U?$pair@QEAVICollider@@V?$vector@PEAVICollider@@V?$allocator@PEAVICollider@@@std@@@std@@@std@@@3@@std@@QEAA@XZ 000000014002bcf0 f i PhysicsManager.obj
 0001:0002ad20       ??1CPhysicsManager@@UEAA@XZ 000000014002bd20 f   PhysicsManager.obj
 0001:0002afb0       ?UpdateComponentLists@CPhysicsManager@@QEAAXXZ 000000014002bfb0 f   PhysicsManager.obj
 0001:0002d7a0       ?UpdateRigidBodies@CPhysicsManager@@QEAAXN@Z 000000014002e7a0 f   PhysicsManager.obj
 0001:0002da90       ?UpdateCollisions@CPhysicsManager@@QEAAXXZ 000000014002ea90 f   PhysicsManager.obj
 0001:0002e200       ?Raycast@CPhysicsManager@@SA_NUTVECTOR3@CMath@@0AEAUTRayHit@@MVCEntityMask@@@Z 000000014002f200 f   PhysicsManager.obj
 0001:0002e730       ?RaycastMouseToFloor@CPhysicsManager@@SA_NUTVECTOR3@CMath@@0AEAU23@@Z 000000014002f730 f   PhysicsManager.obj
 0001:0002e990       ?PairwiseCollisionCheck@CPhysicsManager@@AEAAXPEAVICollider@@0H_N@Z 000000014002f990 f   PhysicsManager.obj
 0001:0002efb0       ?UpdateBoxBoxCollision@CPhysicsManager@@AEAAXPEAVCBoxCollider@@0_NAEA_N@Z 000000014002ffb0 f   PhysicsManager.obj
 0001:0002f2c0       ?UpdateBoxCapsuleCollision@CPhysicsManager@@AEAAXPEAVCBoxCollider@@PEAVCCapsuleCollider@@_N2AEA_N@Z 00000001400302c0 f   PhysicsManager.obj
 0001:0002f520       ?IsCollidingCapsuleCapsule@CPhysicsManager@@AEAA_NPEAVCCapsuleCollider@@0AEAUTCollision@1@@Z 0000000140030520 f   PhysicsManager.obj
 0001:0002fa70       ?IsIntersecting@CPhysicsManager@@AEAA_NUTVECTOR3@CMath@@PEAVCBoxCollider@@1AEAMAEAU23@@Z 0000000140030a70 f   PhysicsManager.obj
 0001:00030700       ?ResolveCollision@CPhysicsManager@@AEAAXPEAVCBoxCollider@@PEAVCCapsuleCollider@@AEAUTCollision@1@@Z 0000000140031700 f   PhysicsManager.obj
 0001:00030700       ?ResolveCollision@CPhysicsManager@@AEAAXPEAVCBoxCollider@@0AEAUTCollision@1@@Z 0000000140031700 f   PhysicsManager.obj
 0001:00030700       ?ResolveCollision@CPhysicsManager@@AEAAXPEAVCCapsuleCollider@@0AEAUTCollision@1@@Z 0000000140031700 f   PhysicsManager.obj
 0001:00030c40       ?IsCollisionExit@CPhysicsManager@@AEAA_NPEAVICollider@@0AEAH1@Z 0000000140031c40 f   PhysicsManager.obj
 0001:00030f50       ?ClosestPtSegmentSegment@CPhysicsManager@@CAXUTVECTOR3@CMath@@000AEAU23@1@Z 0000000140031f50 f   PhysicsManager.obj
 0001:00031280       ?ClosestPtPointOBB@CPhysicsManager@@CAXUTVECTOR3@CMath@@PEAVCBoxCollider@@AEAU23@@Z 0000000140032280 f   PhysicsManager.obj
 0001:000316f0       ?FindGridPositionX@CPhysicsManager@@AEAAHUTVECTOR3@CMath@@HH@Z 00000001400326f0 f   PhysicsManager.obj
 0001:000317c0       ?FindGridPositionZ@CPhysicsManager@@AEAAHUTVECTOR3@CMath@@HH@Z 00000001400327c0 f   PhysicsManager.obj
 0001:00031890       ?IsCollidingRayBox@CPhysicsManager@@CA_NPEAVCBoxCollider@@UTVECTOR3@CMath@@1MAEAU34@@Z 0000000140032890 f   PhysicsManager.obj
 0001:00031c80       ?IsCollidingRayCapsule@CPhysicsManager@@CA_NPEAVCCapsuleCollider@@UTVECTOR3@CMath@@1MAEAU34@@Z 0000000140032c80 f   PhysicsManager.obj
 0001:00031f70       ??A?$map@PEAVICollider@@V?$vector@UTCoordinate@CPhysicsManager@@V?$allocator@UTCoordinate@CPhysicsManager@@@std@@@std@@U?$less@PEAVICollider@@@3@V?$allocator@U?$pair@QEAVICollider@@V?$vector@UTCoordinate@CPhysicsManager@@V?$allocator@UTCoordinate@CPhysicsManager@@@std@@@std@@@std@@@3@@std@@QEAAAEAV?$vector@UTCoordinate@CPhysicsManager@@V?$allocator@UTCoordinate@CPhysicsManager@@@std@@@1@AEBQEAVICollider@@@Z 0000000140032f70 f i PhysicsManager.obj
 0001:00032000       ?push_back@?$vector@UTCoordinate@CPhysicsManager@@V?$allocator@UTCoordinate@CPhysicsManager@@@std@@@std@@QEAAX$$QEAUTCoordinate@CPhysicsManager@@@Z 0000000140033000 f i PhysicsManager.obj
 0001:00032020       ?count@?$_Tree@V?$_Tmap_traits@PEAVICollider@@V?$vector@PEAVICollider@@V?$allocator@PEAVICollider@@@std@@@std@@U?$less@PEAVICollider@@@3@V?$allocator@U?$pair@QEAVICollider@@V?$vector@PEAVICollider@@V?$allocator@PEAVICollider@@@std@@@std@@@std@@@3@$0A@@std@@@std@@QEBA_KAEBQEAVICollider@@@Z 0000000140033020 f i PhysicsManager.obj
 0001:00032100       ?_Erase@?$_Tree@V?$_Tmap_traits@PEAVICollider@@V?$vector@UTCoordinate@CPhysicsManager@@V?$allocator@UTCoordinate@CPhysicsManager@@@std@@@std@@U?$less@PEAVICollider@@@3@V?$allocator@U?$pair@QEAVICollider@@V?$vector@UTCoordinate@CPhysicsManager@@V?$allocator@UTCoordinate@CPhysicsManager@@@std@@@std@@@std@@@3@$0A@@std@@@std@@IEAAXPEAU?$_Tree_node@U?$pair@QEAVICollider@@V?$vector@UTCoordinate@CPhysicsManager@@V?$allocator@UTCoordinate@CPhysicsManager@@@std@@@std@@@std@@PEAX@2@@Z 0000000140033100 f i PhysicsManager.obj
 0001:00032100       ?_Erase@?$_Tree@V?$_Tmap_traits@PEAVICollider@@V?$vector@PEAVICollider@@V?$allocator@PEAVICollider@@@std@@@std@@U?$less@PEAVICollider@@@3@V?$allocator@U?$pair@QEAVICollider@@V?$vector@PEAVICollider@@V?$allocator@PEAVICollider@@@std@@@std@@@std@@@3@$0A@@std@@@std@@IEAAXPEAU?$_Tree_node@U?$pair@QEAVICollider@@V?$vector@PEAVICollider@@V?$allocator@PEAVICollider@@@std@@@std@@@std@@PEAX@2@@Z 0000000140033100 f i PhysicsManager.obj
 0001:000321c0       ?erase@?$_Tree@V?$_Tmap_traits@PEAVICollider@@V?$vector@PEAVICollider@@V?$allocator@PEAVICollider@@@std@@@std@@U?$less@PEAVICollider@@@3@V?$allocator@U?$pair@QEAVICollider@@V?$vector@PEAVICollider@@V?$allocator@PEAVICollider@@@std@@@std@@@std@@@3@$0A@@std@@@std@@QEAA?AV?$_Tree_iterator@V?$_Tree_val@U?$_Tree_simple_types@U?$pair@QEAVICollider@@V?$vector@PEAVICollider@@V?$allocator@PEAVICollider@@@std@@@std@@@std@@@std@@@std@@@2@V?$_Tree_const_iterator@V?$_Tree_val@U?$_Tree_simple_types@U?$pair@QEAVICollider@@V?$vector@PEAVICollider@@V?$allocator@PEAVICollider@@@std@@@std@@@std@@@std@@@std@@@2@0@Z 00000001400331c0 f i PhysicsManager.obj
 0001:000321c0       ?erase@?$_Tree@V?$_Tmap_traits@PEAVICollider@@V?$vector@UTCoordinate@CPhysicsManager@@V?$allocator@UTCoordinate@CPhysicsManager@@@std@@@std@@U?$less@PEAVICollider@@@3@V?$allocator@U?$pair@QEAVICollider@@V?$vector@UTCoordinate@CPhysicsManager@@V?$allocator@UTCoordinate@CPhysicsManager@@@std@@@std@@@std@@@3@$0A@@std@@@std@@QEAA?AV?$_Tree_iterator@V?$_Tree_val@U?$_Tree_simple_types@U?$pair@QEAVICollider@@V?$vector@UTCoordinate@CPhysicsManager@@V?$allocator@UTCoordinate@CPhysicsManager@@@std@@@std@@@std@@@std@@@std@@@2@V?$_Tree_const_iterator@V?$_Tree_val@U?$_Tree_simple_types@U?$pair@QEAVICollider@@V?$vector@UTCoordinate@CPhysicsManager@@V?$allocator@UTCoordinate@CPhysicsManager@@@std@@@std@@@std@@@std@@@std@@@2@0@Z 00000001400331c0 f i PhysicsManager.obj
 0001:00032370       ?_Extract@?$_Tree_val@U?$_Tree_simple_types@U?$pair@QEAVICollider@@V?$vector@UTCoordinate@CPhysicsManager@@V?$allocator@UTCoordinate@CPhysicsManager@@@std@@@std@@@std@@@std@@@std@@QEAAPEAU?$_Tree_node@U?$pair@QEAVICollider@@V?$vector@UTCoordinate@CPhysicsManager@@V?$allocator@UTCoordinate@CPhysicsManager@@@std@@@std@@@std@@PEAX@2@V?$_Tree_const_iterator@V?$_Tree_val@U?$_Tree_simple_types@U?$pair@QEAVICollider@@V?$vector@UTCoordinate@CPhysicsManager@@V?$allocator@UTCoordinate@CPhysicsManager@@@std@@@std@@@std@@@std@@@std@@@2@@Z 0000000140033370 f i PhysicsManager.obj
 0001:00032370       ?_Extract@?$_Tree_val@U?$_Tree_simple_types@U?$pair@QEAVICollider@@V?$vector@PEAVICollider@@V?$allocator@PEAVICollider@@@std@@@std@@@std@@@std@@@std@@QEAAPEAU?$_Tree_node@U?$pair@QEAVICollider@@V?$vector@PEAVICollider@@V?$allocator@PEAVICollider@@@std@@@std@@@std@@PEAX@2@V?$_Tree_const_iterator@V?$_Tree_val@U?$_Tree_simple_types@U?$pair@QEAVICollider@@V?$vector@PEAVICollider@@V?$allocator@PEAVICollider@@@std@@@std@@@std@@@std@@@std@@@2@@Z 0000000140033370 f i PhysicsManager.obj
 0001:00032800       ?_Buyheadnode@?$_Tree_comp_alloc@V?$_Tmap_traits@PEAVICollider@@V?$vector@UTCoordinate@CPhysicsManager@@V?$allocator@UTCoordinate@CPhysicsManager@@@std@@@std@@U?$less@PEAVICollider@@@3@V?$allocator@U?$pair@QEAVICollider@@V?$vector@UTCoordinate@CPhysicsManager@@V?$allocator@UTCoordinate@CPhysicsManager@@@std@@@std@@@std@@@3@$0A@@std@@@std@@QEAAPEAU?$_Tree_node@U?$pair@QEAVICollider@@V?$vector@UTCoordinate@CPhysicsManager@@V?$allocator@UTCoordinate@CPhysicsManager@@@std@@@std@@@std@@PEAX@2@XZ 0000000140033800 f i PhysicsManager.obj
[...]
 0004:000019a4       $pdata$??0CSlider@@QEAA@HHMMMMMMMM@Z 00000001403009a4     Slider.obj
 0004:000019b0       $pdata$?Update@CSlider@@QEAAXXZ 00000001403009b0     Slider.obj
 0004:000019bc       $pdata$?ChangePosition@CSlider@@AEAAXXZ 00000001403009bc     Slider.obj
 0004:000019c8       $pdata$?SetPosition@CTransform@@QEAAXUTVECTOR3@CMath@@@Z 00000001403009c8     Transform.obj
 0004:000019d4       $pdata$?GetMatrix@CTransform@@QEAA?AUTMATRIX@CMath@@XZ 00000001403009d4     Transform.obj
 0004:000019e0       $pdata$?LookAt@CTransform@@QEAAXUTVECTOR3@CMath@@@Z 00000001403009e0     Transform.obj
 0004:000019ec       $pdata$?TurnTo@CTransform@@QEAAXUTVECTOR3@CMath@@M@Z 00000001403009ec     Transform.obj
 0004:000019f8       $pdata$?RenderTransform@CTransform@@QEAAXXZ 00000001403009f8     Transform.obj
 0004:00001a04       $pdata$?_GetWIC@?A0xdf7a93eb@@YAPEAUIWICImagingFactory@@XZ 0000000140300a04     WICTextureLoader.obj
 0004:00001a10       $pdata$?<lambda_invoker_cdecl>@<lambda_c4a1abe6074ffcdfd284d15d13c549a3>@@CAHPEAT_RTL_RUN_ONCE@@PEAXPEAPEAX@Z 0000000140300a10     WICTextureLoader.obj
 0004:00001a1c       $pdata$?_WICBitsPerPixel@?A0xdf7a93eb@@YA_KAEBU_GUID@@@Z 0000000140300a1c     WICTextureLoader.obj
 0004:00001a28       $pdata$?CreateTextureFromWIC@?A0xdf7a93eb@@YAJPEAUID3D11Device@@PEAUID3D11DeviceContext@@PEAUIWICBitmapFrameDecode@@_KW4D3D11_USAGE@@IIIIPEAPEAUID3D11Resource@@PEAPEAUID3D11ShaderResourceView@@@Z 0000000140300a28     WICTextureLoader.obj
 0004:00001a34       $pdata$?CreateWICTextureFromFileEx@DirectX@@YAJPEAUID3D11Device@@PEAUID3D11DeviceContext@@PEB_W_KW4D3D11_USAGE@@IIIIPEAPEAUID3D11Resource@@PEAPEAUID3D11ShaderResourceView@@@Z 0000000140300a34     WICTextureLoader.obj
 0004:00001a40       $pdata$WinMain             0000000140300a40     WinMain.obj
 0004:00001a4c       $pdata$??1_Fac_tidy_reg_t@std@@QEAA@XZ 0000000140300a4c     msvcprt:locale0_implib.obj
 0004:00001a58       $pdata$?_Facet_Register@std@@YAXPEAV_Facet_base@1@@Z 0000000140300a58     msvcprt:locale0_implib.obj
 0004:00001a70       $pdata$??_Gtype_info@@UEAAPEAXI@Z 0000000140300a70     MSVCRT:std_type_info_static.obj
 0004:00001a7c       $pdata$??2@YAPEAX_K@Z      0000000140300a7c     MSVCRT:new_scalar.obj
 0004:00001a88       $pdata$__scrt_acquire_startup_lock 0000000140300a88     MSVCRT:utility.obj
 0004:00001a94       $pdata$__scrt_initialize_crt 0000000140300a94     MSVCRT:utility.obj
 0004:00001aa0       $pdata$__scrt_initialize_onexit_tables 0000000140300aa0     MSVCRT:utility.obj
 0004:00001aac       $pdata$__scrt_is_nonwritable_in_current_image 0000000140300aac     MSVCRT:utility.obj
 0004:00001ab8       $pdata$__scrt_release_startup_lock 0000000140300ab8     MSVCRT:utility.obj
 0004:00001ac4       $pdata$__scrt_uninitialize_crt 0000000140300ac4     MSVCRT:utility.obj
 0004:00001ad0       $pdata$_onexit             0000000140300ad0     MSVCRT:utility.obj
 0004:00001adc       $pdata$atexit              0000000140300adc     MSVCRT:utility.obj
 0004:00001ae8       $pdata$??_M@YAXPEAX_K1P6AX0@Z@Z 0000000140300ae8     MSVCRT:ehvecdtr.obj
 0004:00001af4       $pdata$?__ArrayUnwind@@YAXPEAX_K1P6AX0@Z@Z 0000000140300af4     MSVCRT:ehvecdtr.obj
 0004:00001b00       $pdata$??_L@YAXPEAX_K1P6AX0@Z2@Z 0000000140300b00     MSVCRT:ehvecctr.obj
 0004:00001b0c       $pdata$?pre_c_initialization@@YAHXZ 0000000140300b0c     MSVCRT:exe_winmain.obj
 0004:00001b18       $pdata$?post_pgo_initialization@@YAHXZ 0000000140300b18     MSVCRT:exe_winmain.obj
 0004:00001b24       $pdata$?pre_cpp_initialization@@YAXXZ 0000000140300b24     MSVCRT:exe_winmain.obj
 0004:00001b30       $pdata$?__scrt_common_main_seh@@YAHXZ 0000000140300b30     MSVCRT:exe_winmain.obj
 0004:00001b3c       $pdata$WinMainCRTStartup   0000000140300b3c     MSVCRT:exe_winmain.obj
 0004:00001b48       $pdata$__raise_securityfailure 0000000140300b48     MSVCRT:gs_report.obj
 0004:00001b54       $pdata$__report_gsfailure  0000000140300b54     MSVCRT:gs_report.obj
 0004:00001b60       $pdata$capture_previous_context 0000000140300b60     MSVCRT:gs_report.obj
 0004:00001b6c       $pdata$??0bad_alloc@std@@QEAA@AEBV01@@Z 0000000140300b6c     MSVCRT:throw_bad_alloc.obj
 0004:00001b78       $pdata$??0bad_array_new_length@std@@QEAA@AEBV01@@Z 0000000140300b78     MSVCRT:throw_bad_alloc.obj
 0004:00001b84       $pdata$??_Gbad_array_new_length@std@@UEAAPEAXI@Z 0000000140300b84     MSVCRT:throw_bad_alloc.obj
 0004:00001b84       $pdata$??_Gbad_alloc@std@@UEAAPEAXI@Z 0000000140300b84     MSVCRT:throw_bad_alloc.obj
 0004:00001b90       $pdata$?__scrt_throw_std_bad_alloc@@YAXXZ 0000000140300b90     MSVCRT:throw_bad_alloc.obj
 0004:00001b9c       $pdata$?__scrt_throw_std_bad_array_new_length@@YAXXZ 0000000140300b9c     MSVCRT:throw_bad_alloc.obj
 0004:00001ba8       $pdata$??2@YAPEAX_KAEBUnothrow_t@std@@@Z 0000000140300ba8     MSVCRT:new_scalar_nothrow.obj
 0004:00001bb4       $pdata$__isa_available_init 0000000140300bb4     MSVCRT:cpu_disp.obj
 0004:00001bc0       $pdata$__scrt_fastfail     0000000140300bc0     MSVCRT:utility_desktop.obj
 0004:00001bcc       $pdata$__scrt_get_show_window_mode 0000000140300bcc     MSVCRT:utility_desktop.obj
 0004:00001bd8       $pdata$__scrt_is_managed_app 0000000140300bd8     MSVCRT:utility_desktop.obj
 0004:00001be4       $pdata$__scrt_unhandled_exception_filter 0000000140300be4     MSVCRT:utility_desktop.obj
 0004:00001bf0       $pdata$__security_init_cookie 0000000140300bf0     MSVCRT:gs_support.obj
 0004:00001bfc       $pdata$__scrt_initialize_default_local_stdio_options 0000000140300bfc     MSVCRT:default_local_stdio_options.obj
 0004:00001c08       $pdata$_RTC_Initialize     0000000140300c08     MSVCRT:initsect.obj
 0004:00001c14       $pdata$_RTC_Terminate      0000000140300c14     MSVCRT:initsect.obj
 0004:00001c20       $pdata$__GSHandlerCheck    0000000140300c20     MSVCRT:gshandler.obj
 0004:00001c2c       $pdata$__GSHandlerCheckCommon 0000000140300c2c     MSVCRT:gshandler.obj
 0004:00001c38       $pdata$__GSHandlerCheck_EH 0000000140300c38     MSVCRT:gshandlereh.obj
 0004:00001c5c       $pdata$?dtor$0@?0???0?$basic_fstream@DU?$char_traits@D@std@@@std@@QEAA@XZ@4HA 0000000140300c5c     AnimationManager.obj
 0004:00001c68       $pdata$?dtor$0@?0??SetMenu@CHUD@@QEAAXPEAUID3D11Device@@PEAUID2D1DeviceContext3@@MMMM@Z@4HA 0000000140300c68     HUD.obj
 0004:00001c74       $pdata$?catch$2@?0???0?$vector@USpot@@V?$allocator@USpot@@@std@@@std@@QEAA@AEBV01@@Z@4HA 0000000140300c74     HUD.obj
 0004:00001c80       $pdata$?dtor$12@?0???0CAudioManager@@QEAA@XZ@4HA 0000000140300c80     AudioManager.obj
 0004:00001c8c       $pdata$?catch$4@?0???$?6U?$char_traits@D@std@@@std@@YAAEAV?$basic_ostream@DU?$char_traits@D@std@@@0@AEAV10@D@Z@4HA 0000000140300c8c     AudioManager.obj
 0004:00001c98       $pdata$?catch$4@?0???$_Insert_string@DU?$char_traits@D@std@@_K@std@@YAAEAV?$basic_ostream@DU?$char_traits@D@std@@@0@AEAV10@QEBD_K@Z@4HA 0000000140300c98     AudioManager.obj
 0004:00001ca4       $pdata$?catch$4@?0???$?6U?$char_traits@D@std@@@std@@YAAEAV?$basic_ostream@DU?$char_traits@D@std@@@0@AEAV10@PEBD@Z@4HA 0000000140300ca4     DebugManager.obj
 0004:00001cb0       $pdata$?dtor$6@?0??CreateComponent@CComponentManager@@QEAAPEAVIComponent@@PEAVIEntity@@H@Z@4HA 0000000140300cb0     ComponentManager.obj
 0004:00001cbc       $pdata$?dtor$9@?0??CreateComponent@CComponentManager@@QEAAPEAVIComponent@@PEAVIEntity@@H@Z@4HA 0000000140300cbc     ComponentManager.obj
 0004:00001cc8       $pdata$?dtor$11@?0??CreateComponent@CComponentManager@@QEAAPEAVIComponent@@PEAVIEntity@@H@Z@4HA 0000000140300cc8     ComponentManager.obj
 0004:00001cd4       $pdata$?dtor$6@?0???0CEventManager@@QEAA@XZ@4HA 0000000140300cd4     EventManager.obj
 0004:00001ce0       $pdata$?dtor$7@?0???0CEventManager@@QEAA@XZ@4HA 0000000140300ce0     EventManager.obj
 0004:00001cec       $pdata$?dtor$8@?0???0CEventManager@@QEAA@XZ@4HA 0000000140300cec     EventManager.obj
 0004:00001cf8       $pdata$?dtor$9@?0???0CEventManager@@QEAA@XZ@4HA 0000000140300cf8     EventManager.obj
 0004:00001d04       $pdata$?dtor$10@?0???0CEventManager@@QEAA@XZ@4HA 0000000140300d04     EventManager.obj
 0004:00001d10       $pdata$?dtor$11@?0???0CEventManager@@QEAA@XZ@4HA 0000000140300d10     EventManager.obj
 0004:00001d1c       $pdata$?dtor$3@?0???0CGameLogic@@QEAA@PEAUHWND__@@@Z@4HA 0000000140300d1c     GameLogic.obj
 0004:00001d28       $pdata$?dtor$4@?0???0CGameLogic@@QEAA@PEAUHWND__@@@Z@4HA 0000000140300d28     GameLogic.obj
 0004:00001d34       $pdata$?dtor$5@?0???0CGameLogic@@QEAA@PEAUHWND__@@@Z@4HA 0000000140300d34     GameLogic.obj
 0004:00001d40       $pdata$?dtor$6@?0???0CGameLogic@@QEAA@PEAUHWND__@@@Z@4HA 0000000140300d40     GameLogic.obj
 0004:00001d4c       $pdata$?dtor$10@?0???0CGameLogic@@QEAA@PEAUHWND__@@@Z@4HA 0000000140300d4c     GameLogic.obj
 0004:00001d58       $pdata$?dtor$11@?0???0CGameLogic@@QEAA@PEAUHWND__@@@Z@4HA 0000000140300d58     GameLogic.obj
 0004:00001d64       $pdata$?dtor$12@?0???0CGameLogic@@QEAA@PEAUHWND__@@@Z@4HA 0000000140300d64     GameLogic.obj
 0004:00001d70       $pdata$?dtor$2@?0???0CGUIManager@@QEAA@PEAUID3D11Device@@PEAUIDXGISwapChain@@PEAUHWND__@@@Z@4HA 0000000140300d70     GUIManager.obj
 0004:00001d7c       $pdata$?dtor$0@?0??AddSliderToMenu@CGUIManager@@QEAAXHHHHMMMMMM@Z@4HA 0000000140300d7c     GUIManager.obj
 0004:00001d88       $pdata$?dtor$1@?0??AddSliderToMenu@CGUIManager@@QEAAXHHHHMMMMMM@Z@4HA 0000000140300d88     GUIManager.obj
 0004:00001d94       $pdata$?dtor$0@?0??AddDescriptionToMenu@CGUIManager@@QEAAXHPEB_WHHMMMM@Z@4HA 0000000140300d94     GUIManager.obj
 0004:00001da0       $pdata$?catch$0@?0???0?$vector@V?$vector@USpot@@V?$allocator@USpot@@@std@@@std@@V?$allocator@V?$vector@USpot@@V?$allocator@USpot@@@std@@@std@@@2@@std@@QEAA@AEBV01@@Z@4HA 0000000140300da0     GUIManager.obj
 0004:00001dac       $pdata$?dtor$0@?0??StreamStart@WindowAppMusic@@UEAA?AW4GReturn@GW@@_N@Z@4HA 0000000140300dac     GAudio.obj
 0004:00001db8       $pdata$?dtor$0@?0??CreateLevel@CLevelManager@@QEAAXXZ@4HA 0000000140300db8     LevelManager.obj
 0004:00001dc4       $pdata$?dtor$0@?0??InitializeDirectXComponents@CRenderManager@@AEAAXXZ@4HA 0000000140300dc4     RenderManager.obj
 0004:00001dd0       $pdata$?dtor$1@?0??InitializeDirectXComponents@CRenderManager@@AEAAXXZ@4HA 0000000140300dd0     RenderManager.obj
 0004:00001ddc       $pdata$?dtor$2@?0??Draw@CRenderManager@@QEAAXXZ@4HA 0000000140300ddc     RenderManager.obj
 0004:00001de8       $pdata$?dtor$0@?0??AddButtonToMenu@CRenderManager@@QEAAXHP6AXXZPEB_WHHMMMM@Z@4HA 0000000140300de8     RenderManager.obj
 0004:00001df4       $pdata$?dtor$0@?0??SetTitleToMenu@CRenderManager@@QEAAXHPEB_WMMMM@Z@4HA 0000000140300df4     RenderManager.obj
 0004:00001e00       $pdata$?catch$0@?0???$_Construct@PEBD@?$basic_string@_WU?$char_traits@_W@std@@V?$allocator@_W@2@@std@@QEAAXPEBDQEBDUinput_iterator_tag@1@@Z@4HA 0000000140300e00     RenderManager.obj
 0004:00001e0c       $pdata$?dtor$4@?0???0CPhysicsManager@@QEAA@PEAVCComponentManager@@@Z@4HA 0000000140300e0c     PhysicsManager.obj
 0004:00001e18       $pdata$?catch$0@?0???$_Insert_hint@AEAU?$pair@QEAVICollider@@V?$vector@PEAVICollider@@V?$allocator@PEAVICollider@@@std@@@std@@@std@@PEAU?$_Tree_node@U?$pair@QEAVICollider@@V?$vector@PEAVICollider@@V?$allocator@PEAVICollider@@@std@@@std@@@std@@PEAX@2@@?$_Tree@V?$_Tmap_traits@PEAVICollider@@V?$vector@PEAVICollider@@V?$allocator@PEAVICollider@@@std@@@std@@U?$less@PEAVICollider@@@3@V?$allocator@U?$pair@QEAVICollider@@V?$vector@PEAVICollider@@V?$allocator@PEAVICollider@@@std@@@std@@@std@@@3@$0A@@std@@@std@@IEAA?AV?$_Tree_iterator@V?$_Tree_val@U?$_Tree_simple_types@U?$pair@QEAVICollider@@V?$vector@PEAVICollider@@V?$allocator@PEAVICollider@@@std@@@std@@@std@@@std@@@std@@@1@V?$_Tree_const_iterator@V?$_Tree_val@U?$_Tree_simple_types@U?$pair@QEAVICollider@@V?$vector@PEAVICollider@@V?$allocator@PEAVICollider@@@std@@@std@@@std@@@std@@@std@@@1@AEAU?$pair@QEAVICollider@@V?$vector@PEAVICollider@@V?$allocator@PEAVICollider@@@std@@@std@@@1@PEAU?$_Tree_node@U?$pair@QEAVICollider@@V?$vector@PEAVICollider@@V?$allocator@PEAVICollider@@@std@@@std@@@std@@PEAX@1@@Z@4HA 0000000140300e18     PhysicsManager.obj
 0004:00001e18       $pdata$?catch$0@?0???$_Insert_hint@AEAU?$pair@QEAVICollider@@V?$vector@UTCoordinate@CPhysicsManager@@V?$allocator@UTCoordinate@CPhysicsManager@@@std@@@std@@@std@@PEAU?$_Tree_node@U?$pair@QEAVICollider@@V?$vector@UTCoordinate@CPhysicsManager@@V?$allocator@UTCoordinate@CPhysicsManager@@@std@@@std@@@std@@PEAX@2@@?$_Tree@V?$_Tmap_traits@PEAVICollider@@V?$vector@UTCoordinate@CPhysicsManager@@V?$allocator@UTCoordinate@CPhysicsManager@@@std@@@std@@U?$less@PEAVICollider@@@3@V?$allocator@U?$pair@QEAVICollider@@V?$vector@UTCoordinate@CPhysicsManager@@V?$allocator@UTCoordinate@CPhysicsManager@@@std@@@std@@@std@@@3@$0A@@std@@@std@@IEAA?AV?$_Tree_iterator@V?$_Tree_val@U?$_Tree_simple_types@U?$pair@QEAVICollider@@V?$vector@UTCoordinate@CPhysicsManager@@V?$allocator@UTCoordinate@CPhysicsManager@@@std@@@std@@@std@@@std@@@std@@@1@V?$_Tree_const_iterator@V?$_Tree_val@U?$_Tree_simple_types@U?$pair@QEAVICollider@@V?$vector@UTCoordinate@CPhysicsManager@@V?$allocator@UTCoordinate@CPhysicsManager@@@std@@@std@@@std@@@std@@@std@@@1@AEAU?$pair@QEAVICollider@@V?$vector@UTCoordinate@CPhysicsManager@@V?$allocator@UTCoordinate@CPhysicsManager@@@std@@@std@@@1@PEAU?$_Tree_node@U?$pair@QEAVICollider@@V?$vector@UTCoordinate@CPhysicsManager@@V?$allocator@UTCoordinate@CPhysicsManager@@@std@@@std@@@std@@PEAX@1@@Z@4HA 0000000140300e18     PhysicsManager.obj
 0004:00001e24       $pdata$?catch$0@?0???$_Insert_nohint@AEAU?$pair@QEAVICollider@@V?$vector@PEAVICollider@@V?$allocator@PEAVICollider@@@std@@@std@@@std@@PEAU?$_Tree_node@U?$pair@QEAVICollider@@V?$vector@PEAVICollider@@V?$allocator@PEAVICollider@@@std@@@std@@@std@@PEAX@2@@?$_Tree@V?$_Tmap_traits@PEAVICollider@@V?$vector@PEAVICollider@@V?$allocator@PEAVICollider@@@std@@@std@@U?$less@PEAVICollider@@@3@V?$allocator@U?$pair@QEAVICollider@@V?$vector@PEAVICollider@@V?$allocator@PEAVICollider@@@std@@@std@@@std@@@3@$0A@@std@@@std@@IEAA?AU?$pair@V?$_Tree_iterator@V?$_Tree_val@U?$_Tree_simple_types@U?$pair@QEAVICollider@@V?$vector@PEAVICollider@@V?$allocator@PEAVICollider@@@std@@@std@@@std@@@std@@@std@@@std@@_N@1@_NAEAU?$pair@QEAVICollider@@V?$vector@PEAVICollider@@V?$allocator@PEAVICollider@@@std@@@std@@@1@PEAU?$_Tree_node@U?$pair@QEAVICollider@@V?$vector@PEAVICollider@@V?$allocator@PEAVICollider@@@std@@@std@@@std@@PEAX@1@@Z@4HA 0000000140300e24     PhysicsManager.obj
 0004:00001e24       $pdata$?catch$0@?0???$_Insert_nohint@AEAU?$pair@QEAVICollider@@V?$vector@UTCoordinate@CPhysicsManager@@V?$allocator@UTCoordinate@CPhysicsManager@@@std@@@std@@@std@@PEAU?$_Tree_node@U?$pair@QEAVICollider@@V?$vector@UTCoordinate@CPhysicsManager@@V?$allocator@UTCoordinate@CPhysicsManager@@@std@@@std@@@std@@PEAX@2@@?$_Tree@V?$_Tmap_traits@PEAVICollider@@V?$vector@UTCoordinate@CPhysicsManager@@V?$allocator@UTCoordinate@CPhysicsManager@@@std@@@std@@U?$less@PEAVICollider@@@3@V?$allocator@U?$pair@QEAVICollider@@V?$vector@UTCoordinate@CPhysicsManager@@V?$allocator@UTCoordinate@CPhysicsManager@@@std@@@std@@@std@@@3@$0A@@std@@@std@@IEAA?AU?$pair@V?$_Tree_iterator@V?$_Tree_val@U?$_Tree_simple_types@U?$pair@QEAVICollider@@V?$vector@UTCoordinate@CPhysicsManager@@V?$allocator@UTCoordinate@CPhysicsManager@@@std@@@std@@@std@@@std@@@std@@@std@@_N@1@_NAEAU?$pair@QEAVICollider@@V?$vector@UTCoordinate@CPhysicsManager@@V?$allocator@UTCoordinate@CPhysicsManager@@@std@@@std@@@1@PEAU?$_Tree_node@U?$pair@QEAVICollider@@V?$vector@UTCoordinate@CPhysicsManager@@V?$allocator@UTCoordinate@CPhysicsManager@@@std@@@std@@@std@@PEAX@1@@Z@4HA 0000000140300e24     PhysicsManager.obj
 0004:00001e30       $pdata$__scrt_is_nonwritable_in_current_image$filt$0 0000000140300e30     MSVCRT:utility.obj
 0004:00001e3c       $pdata$?fin$0@?0???_M@YAXPEAX_K1P6AX0@Z@Z@4HA 0000000140300e3c     MSVCRT:ehvecdtr.obj
 0004:00001e48       $pdata$?filt$0@?0??__ArrayUnwind@@YAXPEAX_K1P6AX0@Z@Z@4HA 0000000140300e48     MSVCRT:ehvecdtr.obj
 0004:00001e54       $pdata$?fin$0@?0???_L@YAXPEAX_K1P6AX0@Z2@Z@4HA 0000000140300e54     MSVCRT:ehvecctr.obj
 0004:00001e60       $pdata$?filt$0@?0??__scrt_common_main_seh@@YAHXZ@4HA 0000000140300e60     MSVCRT:exe_winmain.obj
 0004:00001e6c       $pdata$?catch$0@?0???2@YAPEAX_KAEBUnothrow_t@std@@@Z@4HA 0000000140300e6c     MSVCRT:new_scalar_nothrow.obj
 0004:00001e78       $pdata$??__F?m_pcEnemies@CEntityManager@@0V?$vector@PEAVCEnemyEntity@@V?$allocator@PEAVCEnemyEntity@@@std@@@std@@A@@YAXXZ 0000000140300e78     EntityManager.obj
 0004:00001e84       $pdata$??__F?m_pcProjectiles@CEntityManager@@0V?$vector@PEAVCProjectileEntity@@V?$allocator@PEAVCProjectileEntity@@@std@@@std@@A@@YAXXZ 0000000140300e84     EntityManager.obj
 0004:00001e90       $pdata$??__F?m_pcRooms@CEntityManager@@0V?$vector@PEAVCRoomEntity@@V?$allocator@PEAVCRoomEntity@@@std@@@std@@A@@YAXXZ 0000000140300e90     EntityManager.obj
 0004:00001e9c       $pdata$??__F?m_pcEnvironmentEntities@CEntityManager@@0V?$vector@PEAVCEnvironmentEntity@@V?$allocator@PEAVCEnvironmentEntity@@@std@@@std@@A@@YAXXZ 0000000140300e9c     EntityManager.obj
 0004:00001ea8       $pdata$??__F?m_pcDoorEntities@CEntityManager@@0V?$vector@PEAVCDoorEntity@@V?$allocator@PEAVCDoorEntity@@@std@@@std@@A@@YAXXZ 0000000140300ea8     EntityManager.obj
 0004:00001eb4       $pdata$??__F?m_pcDeletionQueue@CEntityManager@@0V?$vector@PEAVIEntity@@V?$allocator@PEAVIEntity@@@std@@@std@@A@@YAXXZ 0000000140300eb4     EntityManager.obj
 0004:00001ec0       $pdata$??__F?m_cEntityReceivers@CEventManager@@0V?$vector@VCPlayerEntity@@V?$allocator@VCPlayerEntity@@@std@@@std@@A@@YAXXZ 0000000140300ec0     EventManager.obj
 0004:00001ecc       $pdata$0$??__F?m_cEntityReceivers@CEventManager@@0V?$vector@VCPlayerEntity@@V?$allocator@VCPlayerEntity@@@std@@@std@@A@@YAXXZ 0000000140300ecc     EventManager.obj
 0004:00001ed8       $pdata$1$??__F?m_cEntityReceivers@CEventManager@@0V?$vector@VCPlayerEntity@@V?$allocator@VCPlayerEntity@@@std@@@std@@A@@YAXXZ 0000000140300ed8     EventManager.obj
 0004:00001ee4       $pdata$??__F?m_cEntityMessages@CEventManager@@0V?$queue@UTEntityMessage@@V?$deque@UTEntityMessage@@V?$allocator@UTEntityMessage@@@std@@@std@@@std@@A@@YAXXZ 0000000140300ee4     EventManager.obj
 0004:00001ef0       $pdata$??__F?m_pcRooms@CLevel@@0V?$vector@PEAVCRoomEntity@@V?$allocator@PEAVCRoomEntity@@@std@@@std@@A@@YAXXZ 0000000140300ef0     Level.obj
 0004:00001efc       $pdata$??__F?CurrentSpot@CLevel@@2USpot@@A@@YAXXZ 0000000140300efc     Level.obj
 0004:00001f08       $pdata$??__FcnTunnels@@YAXXZ 0000000140300f08     Level.obj
 0004:00001f14       $pdata$0$??__FcnTunnels@@YAXXZ 0000000140300f14     Level.obj
 0004:00001f20       $pdata$1$??__FcnTunnels@@YAXXZ 0000000140300f20     Level.obj
 0004:00001f2c       $pdata$??__F?m_pRoomsType@CLevelManager@@2V?$vector@PEAVCRoomEntity@@V?$allocator@PEAVCRoomEntity@@@std@@@std@@A@@YAXXZ 0000000140300f2c     LevelManager.obj
 0004:00001f38       $pdata$??__F?m_cDynamicColliders@CPhysicsManager@@0V?$vector@PEAVICollider@@V?$allocator@PEAVICollider@@@std@@@std@@A@@YAXXZ 0000000140300f38     PhysicsManager.obj
 0004:00001f44       $pdata$??__F?m_cStaticColliders@CPhysicsManager@@0V?$vector@PEAVICollider@@V?$allocator@PEAVICollider@@@std@@@std@@A@@YAXXZ 0000000140300f44     PhysicsManager.obj
 0005:00000060       $R000000                   0000000140301060     * linker generated manifest res *

 Exports

  ordinal    name

